env-hardening	UNKNOWN STEP	・ｿ2025-10-28T09:46:06.2010636Z Current runner version: '2.328.0'
env-hardening	UNKNOWN STEP	2025-10-28T09:46:06.2033786Z ##[group]Runner Image Provisioner
env-hardening	UNKNOWN STEP	2025-10-28T09:46:06.2034727Z Hosted Compute Agent
env-hardening	UNKNOWN STEP	2025-10-28T09:46:06.2035292Z Version: 20250912.392
env-hardening	UNKNOWN STEP	2025-10-28T09:46:06.2035841Z Commit: d921fda672a98b64f4f82364647e2f10b2267d0b
env-hardening	UNKNOWN STEP	2025-10-28T09:46:06.2036620Z Build Date: 2025-09-12T15:23:14Z
env-hardening	UNKNOWN STEP	2025-10-28T09:46:06.2037183Z ##[endgroup]
env-hardening	UNKNOWN STEP	2025-10-28T09:46:06.2037731Z ##[group]Operating System
env-hardening	UNKNOWN STEP	2025-10-28T09:46:06.2038528Z Ubuntu
env-hardening	UNKNOWN STEP	2025-10-28T09:46:06.2039044Z 24.04.3
env-hardening	UNKNOWN STEP	2025-10-28T09:46:06.2039476Z LTS
env-hardening	UNKNOWN STEP	2025-10-28T09:46:06.2040020Z ##[endgroup]
env-hardening	UNKNOWN STEP	2025-10-28T09:46:06.2040511Z ##[group]Runner Image
env-hardening	UNKNOWN STEP	2025-10-28T09:46:06.2041053Z Image: ubuntu-24.04
env-hardening	UNKNOWN STEP	2025-10-28T09:46:06.2041621Z Version: 20250929.60.1
env-hardening	UNKNOWN STEP	2025-10-28T09:46:06.2042603Z Included Software: https://github.com/actions/runner-images/blob/ubuntu24/20250929.60/images/ubuntu/Ubuntu2404-Readme.md
env-hardening	UNKNOWN STEP	2025-10-28T09:46:06.2044197Z Image Release: https://github.com/actions/runner-images/releases/tag/ubuntu24%2F20250929.60
env-hardening	UNKNOWN STEP	2025-10-28T09:46:06.2045175Z ##[endgroup]
env-hardening	UNKNOWN STEP	2025-10-28T09:46:06.2046333Z ##[group]GITHUB_TOKEN Permissions
env-hardening	UNKNOWN STEP	2025-10-28T09:46:06.2048143Z Contents: write
env-hardening	UNKNOWN STEP	2025-10-28T09:46:06.2048995Z Metadata: read
env-hardening	UNKNOWN STEP	2025-10-28T09:46:06.2049973Z PullRequests: write
env-hardening	UNKNOWN STEP	2025-10-28T09:46:06.2050508Z ##[endgroup]
env-hardening	UNKNOWN STEP	2025-10-28T09:46:06.2052886Z Secret source: Actions
env-hardening	UNKNOWN STEP	2025-10-28T09:46:06.2053955Z Prepare workflow directory
env-hardening	UNKNOWN STEP	2025-10-28T09:46:06.2379379Z Prepare all required actions
env-hardening	UNKNOWN STEP	2025-10-28T09:46:06.2416253Z Getting action download info
env-hardening	UNKNOWN STEP	2025-10-28T09:46:06.5761399Z Download action repository 'actions/checkout@v4' (SHA:08eba0b27e820071cde6df949e0beb9ba4906955)
env-hardening	UNKNOWN STEP	2025-10-28T09:46:06.7092378Z Download action repository 'actions/setup-python@v5' (SHA:a26af69be951a213d495a4c3e4e4022e16d87065)
env-hardening	UNKNOWN STEP	2025-10-28T09:46:06.7889997Z Download action repository 'actions/upload-artifact@v4' (SHA:ea165f8d65b6e75b540449e92b4886f43607fa02)
env-hardening	UNKNOWN STEP	2025-10-28T09:46:06.9970576Z Complete job name: env-hardening
env-hardening	UNKNOWN STEP	2025-10-28T09:46:07.0642715Z ##[group]Run actions/checkout@v4
env-hardening	UNKNOWN STEP	2025-10-28T09:46:07.0643557Z with:
env-hardening	UNKNOWN STEP	2025-10-28T09:46:07.0644078Z   repository: katoutomohiro/juushin-care-system-v0-careapp8
env-hardening	UNKNOWN STEP	2025-10-28T09:46:07.0644857Z   token: ***
env-hardening	UNKNOWN STEP	2025-10-28T09:46:07.0645238Z   ssh-strict: true
env-hardening	UNKNOWN STEP	2025-10-28T09:46:07.0645619Z   ssh-user: git
env-hardening	UNKNOWN STEP	2025-10-28T09:46:07.0646017Z   persist-credentials: true
env-hardening	UNKNOWN STEP	2025-10-28T09:46:07.0646460Z   clean: true
env-hardening	UNKNOWN STEP	2025-10-28T09:46:07.0646853Z   sparse-checkout-cone-mode: true
env-hardening	UNKNOWN STEP	2025-10-28T09:46:07.0647330Z   fetch-depth: 1
env-hardening	UNKNOWN STEP	2025-10-28T09:46:07.0647710Z   fetch-tags: false
env-hardening	UNKNOWN STEP	2025-10-28T09:46:07.0648102Z   show-progress: true
env-hardening	UNKNOWN STEP	2025-10-28T09:46:07.0648653Z   lfs: false
env-hardening	UNKNOWN STEP	2025-10-28T09:46:07.0649021Z   submodules: false
env-hardening	UNKNOWN STEP	2025-10-28T09:46:07.0649415Z   set-safe-directory: true
env-hardening	UNKNOWN STEP	2025-10-28T09:46:07.0650088Z ##[endgroup]
env-hardening	UNKNOWN STEP	2025-10-28T09:46:07.1742975Z Syncing repository: katoutomohiro/juushin-care-system-v0-careapp8
env-hardening	UNKNOWN STEP	2025-10-28T09:46:07.1745678Z ##[group]Getting Git version info
env-hardening	UNKNOWN STEP	2025-10-28T09:46:07.1747289Z Working directory is '/home/runner/work/juushin-care-system-v0-careapp8/juushin-care-system-v0-careapp8'
env-hardening	UNKNOWN STEP	2025-10-28T09:46:07.1749728Z [command]/usr/bin/git version
env-hardening	UNKNOWN STEP	2025-10-28T09:46:07.2604664Z git version 2.51.0
env-hardening	UNKNOWN STEP	2025-10-28T09:46:07.2631286Z ##[endgroup]
env-hardening	UNKNOWN STEP	2025-10-28T09:46:07.2647577Z Temporarily overriding HOME='/home/runner/work/_temp/73ce0401-fea7-4245-b4fd-ed6423a59a22' before making global git config changes
env-hardening	UNKNOWN STEP	2025-10-28T09:46:07.2649602Z Adding repository directory to the temporary git global config as a safe directory
env-hardening	UNKNOWN STEP	2025-10-28T09:46:07.2654168Z [command]/usr/bin/git config --global --add safe.directory /home/runner/work/juushin-care-system-v0-careapp8/juushin-care-system-v0-careapp8
env-hardening	UNKNOWN STEP	2025-10-28T09:46:07.2691840Z Deleting the contents of '/home/runner/work/juushin-care-system-v0-careapp8/juushin-care-system-v0-careapp8'
env-hardening	UNKNOWN STEP	2025-10-28T09:46:07.2694865Z ##[group]Initializing the repository
env-hardening	UNKNOWN STEP	2025-10-28T09:46:07.2700790Z [command]/usr/bin/git init /home/runner/work/juushin-care-system-v0-careapp8/juushin-care-system-v0-careapp8
env-hardening	UNKNOWN STEP	2025-10-28T09:46:07.2814315Z hint: Using 'master' as the name for the initial branch. This default branch name
env-hardening	UNKNOWN STEP	2025-10-28T09:46:07.2815666Z hint: is subject to change. To configure the initial branch name to use in all
env-hardening	UNKNOWN STEP	2025-10-28T09:46:07.2817195Z hint: of your new repositories, which will suppress this warning, call:
env-hardening	UNKNOWN STEP	2025-10-28T09:46:07.2818593Z hint:
env-hardening	UNKNOWN STEP	2025-10-28T09:46:07.2819393Z hint: 	git config --global init.defaultBranch <name>
env-hardening	UNKNOWN STEP	2025-10-28T09:46:07.2820380Z hint:
env-hardening	UNKNOWN STEP	2025-10-28T09:46:07.2821260Z hint: Names commonly chosen instead of 'master' are 'main', 'trunk' and
env-hardening	UNKNOWN STEP	2025-10-28T09:46:07.2822199Z hint: 'development'. The just-created branch can be renamed via this command:
env-hardening	UNKNOWN STEP	2025-10-28T09:46:07.2822925Z hint:
env-hardening	UNKNOWN STEP	2025-10-28T09:46:07.2823314Z hint: 	git branch -m <name>
env-hardening	UNKNOWN STEP	2025-10-28T09:46:07.2823765Z hint:
env-hardening	UNKNOWN STEP	2025-10-28T09:46:07.2824356Z hint: Disable this message with "git config set advice.defaultBranchName false"
env-hardening	UNKNOWN STEP	2025-10-28T09:46:07.2825784Z Initialized empty Git repository in /home/runner/work/juushin-care-system-v0-careapp8/juushin-care-system-v0-careapp8/.git/
env-hardening	UNKNOWN STEP	2025-10-28T09:46:07.2833880Z [command]/usr/bin/git remote add origin https://github.com/katoutomohiro/juushin-care-system-v0-careapp8
env-hardening	UNKNOWN STEP	2025-10-28T09:46:07.2875772Z ##[endgroup]
env-hardening	UNKNOWN STEP	2025-10-28T09:46:07.2876467Z ##[group]Disabling automatic garbage collection
env-hardening	UNKNOWN STEP	2025-10-28T09:46:07.2880101Z [command]/usr/bin/git config --local gc.auto 0
env-hardening	UNKNOWN STEP	2025-10-28T09:46:07.2909988Z ##[endgroup]
env-hardening	UNKNOWN STEP	2025-10-28T09:46:07.2911167Z ##[group]Setting up auth
env-hardening	UNKNOWN STEP	2025-10-28T09:46:07.2917393Z [command]/usr/bin/git config --local --name-only --get-regexp core\.sshCommand
env-hardening	UNKNOWN STEP	2025-10-28T09:46:07.2948310Z [command]/usr/bin/git submodule foreach --recursive sh -c "git config --local --name-only --get-regexp 'core\.sshCommand' && git config --local --unset-all 'core.sshCommand' || :"
env-hardening	UNKNOWN STEP	2025-10-28T09:46:07.3336402Z [command]/usr/bin/git config --local --name-only --get-regexp http\.https\:\/\/github\.com\/\.extraheader
env-hardening	UNKNOWN STEP	2025-10-28T09:46:07.3368566Z [command]/usr/bin/git submodule foreach --recursive sh -c "git config --local --name-only --get-regexp 'http\.https\:\/\/github\.com\/\.extraheader' && git config --local --unset-all 'http.https://github.com/.extraheader' || :"
env-hardening	UNKNOWN STEP	2025-10-28T09:46:07.3593891Z [command]/usr/bin/git config --local http.https://github.com/.extraheader AUTHORIZATION: basic ***
env-hardening	UNKNOWN STEP	2025-10-28T09:46:07.3629072Z ##[endgroup]
env-hardening	UNKNOWN STEP	2025-10-28T09:46:07.3630552Z ##[group]Fetching the repository
env-hardening	UNKNOWN STEP	2025-10-28T09:46:07.3638743Z [command]/usr/bin/git -c protocol.version=2 fetch --no-tags --prune --no-recurse-submodules --depth=1 origin +ecc822b70b0495c0512ec4604fa1a15853c4b9e8:refs/remotes/origin/main
env-hardening	UNKNOWN STEP	2025-10-28T09:46:07.6084723Z From https://github.com/katoutomohiro/juushin-care-system-v0-careapp8
env-hardening	UNKNOWN STEP	2025-10-28T09:46:07.6086620Z  * [new ref]         ecc822b70b0495c0512ec4604fa1a15853c4b9e8 -> origin/main
env-hardening	UNKNOWN STEP	2025-10-28T09:46:07.6119309Z ##[endgroup]
env-hardening	UNKNOWN STEP	2025-10-28T09:46:07.6120098Z ##[group]Determining the checkout info
env-hardening	UNKNOWN STEP	2025-10-28T09:46:07.6122277Z ##[endgroup]
env-hardening	UNKNOWN STEP	2025-10-28T09:46:07.6129394Z [command]/usr/bin/git sparse-checkout disable
env-hardening	UNKNOWN STEP	2025-10-28T09:46:07.6175134Z [command]/usr/bin/git config --local --unset-all extensions.worktreeConfig
env-hardening	UNKNOWN STEP	2025-10-28T09:46:07.6206597Z ##[group]Checking out the ref
env-hardening	UNKNOWN STEP	2025-10-28T09:46:07.6211909Z [command]/usr/bin/git checkout --progress --force -B main refs/remotes/origin/main
env-hardening	UNKNOWN STEP	2025-10-28T09:46:07.6383388Z Switched to a new branch 'main'
env-hardening	UNKNOWN STEP	2025-10-28T09:46:07.6386554Z branch 'main' set up to track 'origin/main'.
env-hardening	UNKNOWN STEP	2025-10-28T09:46:07.6393857Z ##[endgroup]
env-hardening	UNKNOWN STEP	2025-10-28T09:46:07.6432576Z [command]/usr/bin/git log -1 --format=%H
env-hardening	UNKNOWN STEP	2025-10-28T09:46:07.6454566Z ecc822b70b0495c0512ec4604fa1a15853c4b9e8
env-hardening	UNKNOWN STEP	2025-10-28T09:46:07.6803576Z ##[group]Run actions/setup-python@v5
env-hardening	UNKNOWN STEP	2025-10-28T09:46:07.6804655Z with:
env-hardening	UNKNOWN STEP	2025-10-28T09:46:07.6805375Z   python-version: 3.11
env-hardening	UNKNOWN STEP	2025-10-28T09:46:07.6806223Z   check-latest: false
env-hardening	UNKNOWN STEP	2025-10-28T09:46:07.6807315Z   token: ***
env-hardening	UNKNOWN STEP	2025-10-28T09:46:07.6808082Z   update-environment: true
env-hardening	UNKNOWN STEP	2025-10-28T09:46:07.6809379Z   allow-prereleases: false
env-hardening	UNKNOWN STEP	2025-10-28T09:46:07.6810289Z   freethreaded: false
env-hardening	UNKNOWN STEP	2025-10-28T09:46:07.6811085Z ##[endgroup]
env-hardening	UNKNOWN STEP	2025-10-28T09:46:07.8473978Z ##[group]Installed versions
env-hardening	UNKNOWN STEP	2025-10-28T09:46:07.8598050Z Successfully set up CPython (3.11.13)
env-hardening	UNKNOWN STEP	2025-10-28T09:46:07.8600173Z ##[endgroup]
env-hardening	UNKNOWN STEP	2025-10-28T09:46:07.8741432Z ##[group]Run mkdir -p artifacts/agent_reports
env-hardening	UNKNOWN STEP	2025-10-28T09:46:07.8742841Z [36;1mmkdir -p artifacts/agent_reports[0m
env-hardening	UNKNOWN STEP	2025-10-28T09:46:07.8745244Z [36;1mpython -m scripts.agents.dispatcher --task env_hardening --payload "{}" | tee artifacts/agent_reports/env_hardening.json[0m
env-hardening	UNKNOWN STEP	2025-10-28T09:46:07.8797547Z shell: /usr/bin/bash -e {0}
env-hardening	UNKNOWN STEP	2025-10-28T09:46:07.8798758Z env:
env-hardening	UNKNOWN STEP	2025-10-28T09:46:07.8799797Z   pythonLocation: /opt/hostedtoolcache/Python/3.11.13/x64
env-hardening	UNKNOWN STEP	2025-10-28T09:46:07.8801567Z   PKG_CONFIG_PATH: /opt/hostedtoolcache/Python/3.11.13/x64/lib/pkgconfig
env-hardening	UNKNOWN STEP	2025-10-28T09:46:07.8803313Z   Python_ROOT_DIR: /opt/hostedtoolcache/Python/3.11.13/x64
env-hardening	UNKNOWN STEP	2025-10-28T09:46:07.8804869Z   Python2_ROOT_DIR: /opt/hostedtoolcache/Python/3.11.13/x64
env-hardening	UNKNOWN STEP	2025-10-28T09:46:07.8806459Z   Python3_ROOT_DIR: /opt/hostedtoolcache/Python/3.11.13/x64
env-hardening	UNKNOWN STEP	2025-10-28T09:46:07.8808050Z   LD_LIBRARY_PATH: /opt/hostedtoolcache/Python/3.11.13/x64/lib
env-hardening	UNKNOWN STEP	2025-10-28T09:46:07.8809706Z ##[endgroup]
env-hardening	UNKNOWN STEP	2025-10-28T09:46:07.9818531Z {"ok": false, "summary": "missing required env: OPENAI_API_KEY, SUPABASE_SERVICE_ROLE_KEY, SUPABASE_URL", "artifacts": [], "next_actions": []}
env-hardening	UNKNOWN STEP	2025-10-28T09:46:07.9924947Z ##[group]Run python - << 'PY'
env-hardening	UNKNOWN STEP	2025-10-28T09:46:07.9926012Z [36;1mpython - << 'PY'[0m
env-hardening	UNKNOWN STEP	2025-10-28T09:46:07.9926952Z [36;1mimport json,sys[0m
env-hardening	UNKNOWN STEP	2025-10-28T09:46:07.9927901Z [36;1mfrom pathlib import Path[0m
env-hardening	UNKNOWN STEP	2025-10-28T09:46:07.9929439Z [36;1mp=Path("artifacts/agent_reports/env_hardening.json")[0m
env-hardening	UNKNOWN STEP	2025-10-28T09:46:07.9930864Z [36;1mdata=json.loads(p.read_text())[0m
env-hardening	UNKNOWN STEP	2025-10-28T09:46:07.9932137Z [36;1mif not isinstance(data.get("ok"), bool):[0m
env-hardening	UNKNOWN STEP	2025-10-28T09:46:07.9933494Z [36;1m    print("ok must be boolean"); sys.exit(1)[0m
env-hardening	UNKNOWN STEP	2025-10-28T09:46:07.9934742Z [36;1mif not data["ok"]:[0m
env-hardening	UNKNOWN STEP	2025-10-28T09:46:07.9935886Z [36;1m    print("agent reported not ok"); sys.exit(1)[0m
env-hardening	UNKNOWN STEP	2025-10-28T09:46:07.9937105Z [36;1mprint("ok true")[0m
env-hardening	UNKNOWN STEP	2025-10-28T09:46:07.9938107Z [36;1mPY[0m
env-hardening	UNKNOWN STEP	2025-10-28T09:46:07.9971919Z shell: /usr/bin/bash -e {0}
env-hardening	UNKNOWN STEP	2025-10-28T09:46:07.9972832Z env:
env-hardening	UNKNOWN STEP	2025-10-28T09:46:07.9973800Z   pythonLocation: /opt/hostedtoolcache/Python/3.11.13/x64
env-hardening	UNKNOWN STEP	2025-10-28T09:46:07.9975512Z   PKG_CONFIG_PATH: /opt/hostedtoolcache/Python/3.11.13/x64/lib/pkgconfig
env-hardening	UNKNOWN STEP	2025-10-28T09:46:07.9977164Z   Python_ROOT_DIR: /opt/hostedtoolcache/Python/3.11.13/x64
env-hardening	UNKNOWN STEP	2025-10-28T09:46:07.9978864Z   Python2_ROOT_DIR: /opt/hostedtoolcache/Python/3.11.13/x64
env-hardening	UNKNOWN STEP	2025-10-28T09:46:07.9980372Z   Python3_ROOT_DIR: /opt/hostedtoolcache/Python/3.11.13/x64
env-hardening	UNKNOWN STEP	2025-10-28T09:46:07.9981876Z   LD_LIBRARY_PATH: /opt/hostedtoolcache/Python/3.11.13/x64/lib
env-hardening	UNKNOWN STEP	2025-10-28T09:46:07.9983141Z ##[endgroup]
env-hardening	UNKNOWN STEP	2025-10-28T09:46:08.0269430Z agent reported not ok
env-hardening	UNKNOWN STEP	2025-10-28T09:46:08.0315852Z ##[error]Process completed with exit code 1.
env-hardening	UNKNOWN STEP	2025-10-28T09:46:08.0575625Z Post job cleanup.
env-hardening	UNKNOWN STEP	2025-10-28T09:46:08.1519100Z [command]/usr/bin/git version
env-hardening	UNKNOWN STEP	2025-10-28T09:46:08.1555456Z git version 2.51.0
env-hardening	UNKNOWN STEP	2025-10-28T09:46:08.1610744Z Temporarily overriding HOME='/home/runner/work/_temp/feaf7faf-09c2-4fe7-9901-74bc2bd17f8b' before making global git config changes
env-hardening	UNKNOWN STEP	2025-10-28T09:46:08.1615440Z Adding repository directory to the temporary git global config as a safe directory
env-hardening	UNKNOWN STEP	2025-10-28T09:46:08.1620467Z [command]/usr/bin/git config --global --add safe.directory /home/runner/work/juushin-care-system-v0-careapp8/juushin-care-system-v0-careapp8
env-hardening	UNKNOWN STEP	2025-10-28T09:46:08.1650698Z [command]/usr/bin/git config --local --name-only --get-regexp core\.sshCommand
env-hardening	UNKNOWN STEP	2025-10-28T09:46:08.1686216Z [command]/usr/bin/git submodule foreach --recursive sh -c "git config --local --name-only --get-regexp 'core\.sshCommand' && git config --local --unset-all 'core.sshCommand' || :"
env-hardening	UNKNOWN STEP	2025-10-28T09:46:08.1936440Z [command]/usr/bin/git config --local --name-only --get-regexp http\.https\:\/\/github\.com\/\.extraheader
env-hardening	UNKNOWN STEP	2025-10-28T09:46:08.1957272Z http.https://github.com/.extraheader
env-hardening	UNKNOWN STEP	2025-10-28T09:46:08.1970684Z [command]/usr/bin/git config --local --unset-all http.https://github.com/.extraheader
env-hardening	UNKNOWN STEP	2025-10-28T09:46:08.2001105Z [command]/usr/bin/git submodule foreach --recursive sh -c "git config --local --name-only --get-regexp 'http\.https\:\/\/github\.com\/\.extraheader' && git config --local --unset-all 'http.https://github.com/.extraheader' || :"
env-hardening	UNKNOWN STEP	2025-10-28T09:46:08.2318744Z Cleaning up orphan processes
