env-hardening	UNKNOWN STEP	・ｿ2025-10-28T09:59:13.3914093Z Current runner version: '2.328.0'
env-hardening	UNKNOWN STEP	2025-10-28T09:59:13.3950393Z ##[group]Runner Image Provisioner
env-hardening	UNKNOWN STEP	2025-10-28T09:59:13.3952142Z Hosted Compute Agent
env-hardening	UNKNOWN STEP	2025-10-28T09:59:13.3953352Z Version: 20250912.392
env-hardening	UNKNOWN STEP	2025-10-28T09:59:13.3954317Z Commit: d921fda672a98b64f4f82364647e2f10b2267d0b
env-hardening	UNKNOWN STEP	2025-10-28T09:59:13.3955647Z Build Date: 2025-09-12T15:23:14Z
env-hardening	UNKNOWN STEP	2025-10-28T09:59:13.3956907Z ##[endgroup]
env-hardening	UNKNOWN STEP	2025-10-28T09:59:13.3957758Z ##[group]Operating System
env-hardening	UNKNOWN STEP	2025-10-28T09:59:13.3958621Z Ubuntu
env-hardening	UNKNOWN STEP	2025-10-28T09:59:13.3959499Z 24.04.3
env-hardening	UNKNOWN STEP	2025-10-28T09:59:13.3960178Z LTS
env-hardening	UNKNOWN STEP	2025-10-28T09:59:13.3961041Z ##[endgroup]
env-hardening	UNKNOWN STEP	2025-10-28T09:59:13.3961810Z ##[group]Runner Image
env-hardening	UNKNOWN STEP	2025-10-28T09:59:13.3962694Z Image: ubuntu-24.04
env-hardening	UNKNOWN STEP	2025-10-28T09:59:13.3963670Z Version: 20250929.60.1
env-hardening	UNKNOWN STEP	2025-10-28T09:59:13.3965386Z Included Software: https://github.com/actions/runner-images/blob/ubuntu24/20250929.60/images/ubuntu/Ubuntu2404-Readme.md
env-hardening	UNKNOWN STEP	2025-10-28T09:59:13.3968433Z Image Release: https://github.com/actions/runner-images/releases/tag/ubuntu24%2F20250929.60
env-hardening	UNKNOWN STEP	2025-10-28T09:59:13.3970128Z ##[endgroup]
env-hardening	UNKNOWN STEP	2025-10-28T09:59:13.3972272Z ##[group]GITHUB_TOKEN Permissions
env-hardening	UNKNOWN STEP	2025-10-28T09:59:13.3975226Z Contents: write
env-hardening	UNKNOWN STEP	2025-10-28T09:59:13.3976260Z Metadata: read
env-hardening	UNKNOWN STEP	2025-10-28T09:59:13.3977354Z PullRequests: write
env-hardening	UNKNOWN STEP	2025-10-28T09:59:13.3978179Z ##[endgroup]
env-hardening	UNKNOWN STEP	2025-10-28T09:59:13.3981694Z Secret source: Actions
env-hardening	UNKNOWN STEP	2025-10-28T09:59:13.3983164Z Prepare workflow directory
env-hardening	UNKNOWN STEP	2025-10-28T09:59:13.4469167Z Prepare all required actions
env-hardening	UNKNOWN STEP	2025-10-28T09:59:13.4526851Z Getting action download info
env-hardening	UNKNOWN STEP	2025-10-28T09:59:13.7224457Z Download action repository 'actions/checkout@v4' (SHA:08eba0b27e820071cde6df949e0beb9ba4906955)
env-hardening	UNKNOWN STEP	2025-10-28T09:59:13.9098264Z Download action repository 'actions/setup-python@v5' (SHA:a26af69be951a213d495a4c3e4e4022e16d87065)
env-hardening	UNKNOWN STEP	2025-10-28T09:59:13.9950177Z Download action repository 'actions/upload-artifact@v4' (SHA:ea165f8d65b6e75b540449e92b4886f43607fa02)
env-hardening	UNKNOWN STEP	2025-10-28T09:59:14.2019489Z Complete job name: env-hardening
env-hardening	UNKNOWN STEP	2025-10-28T09:59:14.2805295Z ##[group]Run actions/checkout@v4
env-hardening	UNKNOWN STEP	2025-10-28T09:59:14.2806790Z with:
env-hardening	UNKNOWN STEP	2025-10-28T09:59:14.2807797Z   repository: katoutomohiro/juushin-care-system-v0-careapp8
env-hardening	UNKNOWN STEP	2025-10-28T09:59:14.2809312Z   token: ***
env-hardening	UNKNOWN STEP	2025-10-28T09:59:14.2810014Z   ssh-strict: true
env-hardening	UNKNOWN STEP	2025-10-28T09:59:14.2810769Z   ssh-user: git
env-hardening	UNKNOWN STEP	2025-10-28T09:59:14.2811540Z   persist-credentials: true
env-hardening	UNKNOWN STEP	2025-10-28T09:59:14.2812408Z   clean: true
env-hardening	UNKNOWN STEP	2025-10-28T09:59:14.2813178Z   sparse-checkout-cone-mode: true
env-hardening	UNKNOWN STEP	2025-10-28T09:59:14.2814117Z   fetch-depth: 1
env-hardening	UNKNOWN STEP	2025-10-28T09:59:14.2814845Z   fetch-tags: false
env-hardening	UNKNOWN STEP	2025-10-28T09:59:14.2815611Z   show-progress: true
env-hardening	UNKNOWN STEP	2025-10-28T09:59:14.2816713Z   lfs: false
env-hardening	UNKNOWN STEP	2025-10-28T09:59:14.2817447Z   submodules: false
env-hardening	UNKNOWN STEP	2025-10-28T09:59:14.2818248Z   set-safe-directory: true
env-hardening	UNKNOWN STEP	2025-10-28T09:59:14.2819394Z ##[endgroup]
env-hardening	UNKNOWN STEP	2025-10-28T09:59:14.3952029Z Syncing repository: katoutomohiro/juushin-care-system-v0-careapp8
env-hardening	UNKNOWN STEP	2025-10-28T09:59:14.3956701Z ##[group]Getting Git version info
env-hardening	UNKNOWN STEP	2025-10-28T09:59:14.3959913Z Working directory is '/home/runner/work/juushin-care-system-v0-careapp8/juushin-care-system-v0-careapp8'
env-hardening	UNKNOWN STEP	2025-10-28T09:59:14.3964056Z [command]/usr/bin/git version
env-hardening	UNKNOWN STEP	2025-10-28T09:59:14.4021376Z git version 2.51.0
env-hardening	UNKNOWN STEP	2025-10-28T09:59:14.4048495Z ##[endgroup]
env-hardening	UNKNOWN STEP	2025-10-28T09:59:14.4063580Z Temporarily overriding HOME='/home/runner/work/_temp/c7568aa1-344d-4112-aefd-974d8529813b' before making global git config changes
env-hardening	UNKNOWN STEP	2025-10-28T09:59:14.4068388Z Adding repository directory to the temporary git global config as a safe directory
env-hardening	UNKNOWN STEP	2025-10-28T09:59:14.4073204Z [command]/usr/bin/git config --global --add safe.directory /home/runner/work/juushin-care-system-v0-careapp8/juushin-care-system-v0-careapp8
env-hardening	UNKNOWN STEP	2025-10-28T09:59:14.4110697Z Deleting the contents of '/home/runner/work/juushin-care-system-v0-careapp8/juushin-care-system-v0-careapp8'
env-hardening	UNKNOWN STEP	2025-10-28T09:59:14.4115051Z ##[group]Initializing the repository
env-hardening	UNKNOWN STEP	2025-10-28T09:59:14.4118936Z [command]/usr/bin/git init /home/runner/work/juushin-care-system-v0-careapp8/juushin-care-system-v0-careapp8
env-hardening	UNKNOWN STEP	2025-10-28T09:59:14.4281365Z hint: Using 'master' as the name for the initial branch. This default branch name
env-hardening	UNKNOWN STEP	2025-10-28T09:59:14.4285157Z hint: is subject to change. To configure the initial branch name to use in all
env-hardening	UNKNOWN STEP	2025-10-28T09:59:14.4288253Z hint: of your new repositories, which will suppress this warning, call:
env-hardening	UNKNOWN STEP	2025-10-28T09:59:14.4290531Z hint:
env-hardening	UNKNOWN STEP	2025-10-28T09:59:14.4291990Z hint: 	git config --global init.defaultBranch <name>
env-hardening	UNKNOWN STEP	2025-10-28T09:59:14.4293874Z hint:
env-hardening	UNKNOWN STEP	2025-10-28T09:59:14.4295641Z hint: Names commonly chosen instead of 'master' are 'main', 'trunk' and
env-hardening	UNKNOWN STEP	2025-10-28T09:59:14.4298923Z hint: 'development'. The just-created branch can be renamed via this command:
env-hardening	UNKNOWN STEP	2025-10-28T09:59:14.4301270Z hint:
env-hardening	UNKNOWN STEP	2025-10-28T09:59:14.4302458Z hint: 	git branch -m <name>
env-hardening	UNKNOWN STEP	2025-10-28T09:59:14.4303906Z hint:
env-hardening	UNKNOWN STEP	2025-10-28T09:59:14.4305887Z hint: Disable this message with "git config set advice.defaultBranchName false"
env-hardening	UNKNOWN STEP	2025-10-28T09:59:14.4310659Z Initialized empty Git repository in /home/runner/work/juushin-care-system-v0-careapp8/juushin-care-system-v0-careapp8/.git/
env-hardening	UNKNOWN STEP	2025-10-28T09:59:14.4317830Z [command]/usr/bin/git remote add origin https://github.com/katoutomohiro/juushin-care-system-v0-careapp8
env-hardening	UNKNOWN STEP	2025-10-28T09:59:14.4347103Z ##[endgroup]
env-hardening	UNKNOWN STEP	2025-10-28T09:59:14.4349729Z ##[group]Disabling automatic garbage collection
env-hardening	UNKNOWN STEP	2025-10-28T09:59:14.4352077Z [command]/usr/bin/git config --local gc.auto 0
env-hardening	UNKNOWN STEP	2025-10-28T09:59:14.4392029Z ##[endgroup]
env-hardening	UNKNOWN STEP	2025-10-28T09:59:14.4394583Z ##[group]Setting up auth
env-hardening	UNKNOWN STEP	2025-10-28T09:59:14.4397131Z [command]/usr/bin/git config --local --name-only --get-regexp core\.sshCommand
env-hardening	UNKNOWN STEP	2025-10-28T09:59:14.4427084Z [command]/usr/bin/git submodule foreach --recursive sh -c "git config --local --name-only --get-regexp 'core\.sshCommand' && git config --local --unset-all 'core.sshCommand' || :"
env-hardening	UNKNOWN STEP	2025-10-28T09:59:14.4822510Z [command]/usr/bin/git config --local --name-only --get-regexp http\.https\:\/\/github\.com\/\.extraheader
env-hardening	UNKNOWN STEP	2025-10-28T09:59:14.4856604Z [command]/usr/bin/git submodule foreach --recursive sh -c "git config --local --name-only --get-regexp 'http\.https\:\/\/github\.com\/\.extraheader' && git config --local --unset-all 'http.https://github.com/.extraheader' || :"
env-hardening	UNKNOWN STEP	2025-10-28T09:59:14.5085223Z [command]/usr/bin/git config --local http.https://github.com/.extraheader AUTHORIZATION: basic ***
env-hardening	UNKNOWN STEP	2025-10-28T09:59:14.5120608Z ##[endgroup]
env-hardening	UNKNOWN STEP	2025-10-28T09:59:14.5121946Z ##[group]Fetching the repository
env-hardening	UNKNOWN STEP	2025-10-28T09:59:14.5130065Z [command]/usr/bin/git -c protocol.version=2 fetch --no-tags --prune --no-recurse-submodules --depth=1 origin +8ff3165db6b14f5169980eac1da9949421fb1c6a:refs/remotes/origin/main
env-hardening	UNKNOWN STEP	2025-10-28T09:59:14.7340347Z From https://github.com/katoutomohiro/juushin-care-system-v0-careapp8
env-hardening	UNKNOWN STEP	2025-10-28T09:59:14.7342741Z  * [new ref]         8ff3165db6b14f5169980eac1da9949421fb1c6a -> origin/main
env-hardening	UNKNOWN STEP	2025-10-28T09:59:14.7372440Z ##[endgroup]
env-hardening	UNKNOWN STEP	2025-10-28T09:59:14.7374603Z ##[group]Determining the checkout info
env-hardening	UNKNOWN STEP	2025-10-28T09:59:14.7377255Z ##[endgroup]
env-hardening	UNKNOWN STEP	2025-10-28T09:59:14.7380276Z [command]/usr/bin/git sparse-checkout disable
env-hardening	UNKNOWN STEP	2025-10-28T09:59:14.7422841Z [command]/usr/bin/git config --local --unset-all extensions.worktreeConfig
env-hardening	UNKNOWN STEP	2025-10-28T09:59:14.7451723Z ##[group]Checking out the ref
env-hardening	UNKNOWN STEP	2025-10-28T09:59:14.7454949Z [command]/usr/bin/git checkout --progress --force -B main refs/remotes/origin/main
env-hardening	UNKNOWN STEP	2025-10-28T09:59:14.7630265Z Switched to a new branch 'main'
env-hardening	UNKNOWN STEP	2025-10-28T09:59:14.7631982Z branch 'main' set up to track 'origin/main'.
env-hardening	UNKNOWN STEP	2025-10-28T09:59:14.7639304Z ##[endgroup]
env-hardening	UNKNOWN STEP	2025-10-28T09:59:14.7677074Z [command]/usr/bin/git log -1 --format=%H
env-hardening	UNKNOWN STEP	2025-10-28T09:59:14.7699143Z 8ff3165db6b14f5169980eac1da9949421fb1c6a
env-hardening	UNKNOWN STEP	2025-10-28T09:59:14.8038082Z ##[group]Run actions/setup-python@v5
env-hardening	UNKNOWN STEP	2025-10-28T09:59:14.8039090Z with:
env-hardening	UNKNOWN STEP	2025-10-28T09:59:14.8039785Z   python-version: 3.11
env-hardening	UNKNOWN STEP	2025-10-28T09:59:14.8040575Z   check-latest: false
env-hardening	UNKNOWN STEP	2025-10-28T09:59:14.8041660Z   token: ***
env-hardening	UNKNOWN STEP	2025-10-28T09:59:14.8042390Z   update-environment: true
env-hardening	UNKNOWN STEP	2025-10-28T09:59:14.8043255Z   allow-prereleases: false
env-hardening	UNKNOWN STEP	2025-10-28T09:59:14.8044093Z   freethreaded: false
env-hardening	UNKNOWN STEP	2025-10-28T09:59:14.8044852Z ##[endgroup]
env-hardening	UNKNOWN STEP	2025-10-28T09:59:14.9724134Z ##[group]Installed versions
env-hardening	UNKNOWN STEP	2025-10-28T09:59:14.9849072Z Successfully set up CPython (3.11.13)
env-hardening	UNKNOWN STEP	2025-10-28T09:59:14.9850824Z ##[endgroup]
env-hardening	UNKNOWN STEP	2025-10-28T09:59:14.9992303Z ##[group]Run mkdir -p artifacts/agent_reports
env-hardening	UNKNOWN STEP	2025-10-28T09:59:14.9993532Z [36;1mmkdir -p artifacts/agent_reports[0m
env-hardening	UNKNOWN STEP	2025-10-28T09:59:14.9995551Z [36;1mpython -m scripts.agents.dispatcher --task env_hardening --payload "{}" | tee artifacts/agent_reports/env_hardening.json[0m
env-hardening	UNKNOWN STEP	2025-10-28T09:59:15.0296905Z shell: /usr/bin/bash -e {0}
env-hardening	UNKNOWN STEP	2025-10-28T09:59:15.0297831Z env:
env-hardening	UNKNOWN STEP	2025-10-28T09:59:15.0298739Z   pythonLocation: /opt/hostedtoolcache/Python/3.11.13/x64
env-hardening	UNKNOWN STEP	2025-10-28T09:59:15.0300249Z   PKG_CONFIG_PATH: /opt/hostedtoolcache/Python/3.11.13/x64/lib/pkgconfig
env-hardening	UNKNOWN STEP	2025-10-28T09:59:15.0301722Z   Python_ROOT_DIR: /opt/hostedtoolcache/Python/3.11.13/x64
env-hardening	UNKNOWN STEP	2025-10-28T09:59:15.0303055Z   Python2_ROOT_DIR: /opt/hostedtoolcache/Python/3.11.13/x64
env-hardening	UNKNOWN STEP	2025-10-28T09:59:15.0304393Z   Python3_ROOT_DIR: /opt/hostedtoolcache/Python/3.11.13/x64
env-hardening	UNKNOWN STEP	2025-10-28T09:59:15.0305744Z   LD_LIBRARY_PATH: /opt/hostedtoolcache/Python/3.11.13/x64/lib
env-hardening	UNKNOWN STEP	2025-10-28T09:59:15.0307035Z ##[endgroup]
env-hardening	UNKNOWN STEP	2025-10-28T09:59:15.5448819Z {"ok": false, "summary": "missing required env: OPENAI_API_KEY, SUPABASE_SERVICE_ROLE_KEY, SUPABASE_URL", "artifacts": [], "next_actions": []}
env-hardening	UNKNOWN STEP	2025-10-28T09:59:15.5544172Z ##[group]Run python - << 'PY'
env-hardening	UNKNOWN STEP	2025-10-28T09:59:15.5544710Z [36;1mpython - << 'PY'[0m
env-hardening	UNKNOWN STEP	2025-10-28T09:59:15.5545133Z [36;1mimport json,sys[0m
env-hardening	UNKNOWN STEP	2025-10-28T09:59:15.5545547Z [36;1mfrom pathlib import Path[0m
env-hardening	UNKNOWN STEP	2025-10-28T09:59:15.5546287Z [36;1mp=Path("artifacts/agent_reports/env_hardening.json")[0m
env-hardening	UNKNOWN STEP	2025-10-28T09:59:15.5546810Z [36;1mdata=json.loads(p.read_text())[0m
env-hardening	UNKNOWN STEP	2025-10-28T09:59:15.5547289Z [36;1mif not isinstance(data.get("ok"), bool):[0m
env-hardening	UNKNOWN STEP	2025-10-28T09:59:15.5547785Z [36;1m    print("ok must be boolean"); sys.exit(1)[0m
env-hardening	UNKNOWN STEP	2025-10-28T09:59:15.5548260Z [36;1mif not data["ok"]:[0m
env-hardening	UNKNOWN STEP	2025-10-28T09:59:15.5548714Z [36;1m    print("agent reported not ok"); sys.exit(1)[0m
env-hardening	UNKNOWN STEP	2025-10-28T09:59:15.5549185Z [36;1mprint("ok true")[0m
env-hardening	UNKNOWN STEP	2025-10-28T09:59:15.5549596Z [36;1mPY[0m
env-hardening	UNKNOWN STEP	2025-10-28T09:59:15.5585945Z shell: /usr/bin/bash -e {0}
env-hardening	UNKNOWN STEP	2025-10-28T09:59:15.5586598Z env:
env-hardening	UNKNOWN STEP	2025-10-28T09:59:15.5587056Z   pythonLocation: /opt/hostedtoolcache/Python/3.11.13/x64
env-hardening	UNKNOWN STEP	2025-10-28T09:59:15.5587723Z   PKG_CONFIG_PATH: /opt/hostedtoolcache/Python/3.11.13/x64/lib/pkgconfig
env-hardening	UNKNOWN STEP	2025-10-28T09:59:15.5588332Z   Python_ROOT_DIR: /opt/hostedtoolcache/Python/3.11.13/x64
env-hardening	UNKNOWN STEP	2025-10-28T09:59:15.5588887Z   Python2_ROOT_DIR: /opt/hostedtoolcache/Python/3.11.13/x64
env-hardening	UNKNOWN STEP	2025-10-28T09:59:15.5589435Z   Python3_ROOT_DIR: /opt/hostedtoolcache/Python/3.11.13/x64
env-hardening	UNKNOWN STEP	2025-10-28T09:59:15.5589984Z   LD_LIBRARY_PATH: /opt/hostedtoolcache/Python/3.11.13/x64/lib
env-hardening	UNKNOWN STEP	2025-10-28T09:59:15.5590466Z ##[endgroup]
env-hardening	UNKNOWN STEP	2025-10-28T09:59:15.6076284Z agent reported not ok
env-hardening	UNKNOWN STEP	2025-10-28T09:59:15.6128148Z ##[error]Process completed with exit code 1.
env-hardening	UNKNOWN STEP	2025-10-28T09:59:15.6305411Z Post job cleanup.
env-hardening	UNKNOWN STEP	2025-10-28T09:59:15.7244731Z [command]/usr/bin/git version
env-hardening	UNKNOWN STEP	2025-10-28T09:59:15.7281352Z git version 2.51.0
env-hardening	UNKNOWN STEP	2025-10-28T09:59:15.7333809Z Temporarily overriding HOME='/home/runner/work/_temp/6e4104dc-493c-496a-bd05-89daca00019f' before making global git config changes
env-hardening	UNKNOWN STEP	2025-10-28T09:59:15.7334935Z Adding repository directory to the temporary git global config as a safe directory
env-hardening	UNKNOWN STEP	2025-10-28T09:59:15.7341429Z [command]/usr/bin/git config --global --add safe.directory /home/runner/work/juushin-care-system-v0-careapp8/juushin-care-system-v0-careapp8
env-hardening	UNKNOWN STEP	2025-10-28T09:59:15.7382340Z [command]/usr/bin/git config --local --name-only --get-regexp core\.sshCommand
env-hardening	UNKNOWN STEP	2025-10-28T09:59:15.7416943Z [command]/usr/bin/git submodule foreach --recursive sh -c "git config --local --name-only --get-regexp 'core\.sshCommand' && git config --local --unset-all 'core.sshCommand' || :"
env-hardening	UNKNOWN STEP	2025-10-28T09:59:15.7655220Z [command]/usr/bin/git config --local --name-only --get-regexp http\.https\:\/\/github\.com\/\.extraheader
env-hardening	UNKNOWN STEP	2025-10-28T09:59:15.7678745Z http.https://github.com/.extraheader
env-hardening	UNKNOWN STEP	2025-10-28T09:59:15.7690650Z [command]/usr/bin/git config --local --unset-all http.https://github.com/.extraheader
env-hardening	UNKNOWN STEP	2025-10-28T09:59:15.7721630Z [command]/usr/bin/git submodule foreach --recursive sh -c "git config --local --name-only --get-regexp 'http\.https\:\/\/github\.com\/\.extraheader' && git config --local --unset-all 'http.https://github.com/.extraheader' || :"
env-hardening	UNKNOWN STEP	2025-10-28T09:59:15.8055746Z Cleaning up orphan processes
