env-hardening	UNKNOWN STEP	・ｿ2025-10-28T09:34:05.7133846Z Current runner version: '2.328.0'
env-hardening	UNKNOWN STEP	2025-10-28T09:34:05.7168081Z ##[group]Runner Image Provisioner
env-hardening	UNKNOWN STEP	2025-10-28T09:34:05.7169324Z Hosted Compute Agent
env-hardening	UNKNOWN STEP	2025-10-28T09:34:05.7170334Z Version: 20250912.392
env-hardening	UNKNOWN STEP	2025-10-28T09:34:05.7171381Z Commit: d921fda672a98b64f4f82364647e2f10b2267d0b
env-hardening	UNKNOWN STEP	2025-10-28T09:34:05.7172533Z Build Date: 2025-09-12T15:23:14Z
env-hardening	UNKNOWN STEP	2025-10-28T09:34:05.7174219Z ##[endgroup]
env-hardening	UNKNOWN STEP	2025-10-28T09:34:05.7175158Z ##[group]Operating System
env-hardening	UNKNOWN STEP	2025-10-28T09:34:05.7176036Z Ubuntu
env-hardening	UNKNOWN STEP	2025-10-28T09:34:05.7177114Z 24.04.3
env-hardening	UNKNOWN STEP	2025-10-28T09:34:05.7177924Z LTS
env-hardening	UNKNOWN STEP	2025-10-28T09:34:05.7178726Z ##[endgroup]
env-hardening	UNKNOWN STEP	2025-10-28T09:34:05.7179755Z ##[group]Runner Image
env-hardening	UNKNOWN STEP	2025-10-28T09:34:05.7180697Z Image: ubuntu-24.04
env-hardening	UNKNOWN STEP	2025-10-28T09:34:05.7181515Z Version: 20250929.60.1
env-hardening	UNKNOWN STEP	2025-10-28T09:34:05.7183676Z Included Software: https://github.com/actions/runner-images/blob/ubuntu24/20250929.60/images/ubuntu/Ubuntu2404-Readme.md
env-hardening	UNKNOWN STEP	2025-10-28T09:34:05.7186436Z Image Release: https://github.com/actions/runner-images/releases/tag/ubuntu24%2F20250929.60
env-hardening	UNKNOWN STEP	2025-10-28T09:34:05.7188487Z ##[endgroup]
env-hardening	UNKNOWN STEP	2025-10-28T09:34:05.7190590Z ##[group]GITHUB_TOKEN Permissions
env-hardening	UNKNOWN STEP	2025-10-28T09:34:05.7193779Z Contents: write
env-hardening	UNKNOWN STEP	2025-10-28T09:34:05.7194592Z Metadata: read
env-hardening	UNKNOWN STEP	2025-10-28T09:34:05.7195642Z PullRequests: write
env-hardening	UNKNOWN STEP	2025-10-28T09:34:05.7196470Z ##[endgroup]
env-hardening	UNKNOWN STEP	2025-10-28T09:34:05.7199937Z Secret source: Actions
env-hardening	UNKNOWN STEP	2025-10-28T09:34:05.7201469Z Prepare workflow directory
env-hardening	UNKNOWN STEP	2025-10-28T09:34:05.7676299Z Prepare all required actions
env-hardening	UNKNOWN STEP	2025-10-28T09:34:05.7733257Z Getting action download info
env-hardening	UNKNOWN STEP	2025-10-28T09:34:06.0620433Z Download action repository 'actions/checkout@v4' (SHA:08eba0b27e820071cde6df949e0beb9ba4906955)
env-hardening	UNKNOWN STEP	2025-10-28T09:34:06.3352341Z Download action repository 'actions/setup-python@v5' (SHA:a26af69be951a213d495a4c3e4e4022e16d87065)
env-hardening	UNKNOWN STEP	2025-10-28T09:34:06.4145305Z Download action repository 'actions/upload-artifact@v4' (SHA:ea165f8d65b6e75b540449e92b4886f43607fa02)
env-hardening	UNKNOWN STEP	2025-10-28T09:34:06.6253890Z Complete job name: env-hardening
env-hardening	UNKNOWN STEP	2025-10-28T09:34:06.6974331Z ##[group]Run actions/checkout@v4
env-hardening	UNKNOWN STEP	2025-10-28T09:34:06.6975270Z with:
env-hardening	UNKNOWN STEP	2025-10-28T09:34:06.6975842Z   repository: katoutomohiro/juushin-care-system-v0-careapp8
env-hardening	UNKNOWN STEP	2025-10-28T09:34:06.6976738Z   token: ***
env-hardening	UNKNOWN STEP	2025-10-28T09:34:06.6977227Z   ssh-strict: true
env-hardening	UNKNOWN STEP	2025-10-28T09:34:06.6977682Z   ssh-user: git
env-hardening	UNKNOWN STEP	2025-10-28T09:34:06.6978131Z   persist-credentials: true
env-hardening	UNKNOWN STEP	2025-10-28T09:34:06.6978641Z   clean: true
env-hardening	UNKNOWN STEP	2025-10-28T09:34:06.6979077Z   sparse-checkout-cone-mode: true
env-hardening	UNKNOWN STEP	2025-10-28T09:34:06.6979603Z   fetch-depth: 1
env-hardening	UNKNOWN STEP	2025-10-28T09:34:06.6980020Z   fetch-tags: false
env-hardening	UNKNOWN STEP	2025-10-28T09:34:06.6980457Z   show-progress: true
env-hardening	UNKNOWN STEP	2025-10-28T09:34:06.6980893Z   lfs: false
env-hardening	UNKNOWN STEP	2025-10-28T09:34:06.6981301Z   submodules: false
env-hardening	UNKNOWN STEP	2025-10-28T09:34:06.6981742Z   set-safe-directory: true
env-hardening	UNKNOWN STEP	2025-10-28T09:34:06.6982640Z ##[endgroup]
env-hardening	UNKNOWN STEP	2025-10-28T09:34:06.8158924Z Syncing repository: katoutomohiro/juushin-care-system-v0-careapp8
env-hardening	UNKNOWN STEP	2025-10-28T09:34:06.8160840Z ##[group]Getting Git version info
env-hardening	UNKNOWN STEP	2025-10-28T09:34:06.8161962Z Working directory is '/home/runner/work/juushin-care-system-v0-careapp8/juushin-care-system-v0-careapp8'
env-hardening	UNKNOWN STEP	2025-10-28T09:34:06.8163595Z [command]/usr/bin/git version
env-hardening	UNKNOWN STEP	2025-10-28T09:34:06.8291616Z git version 2.51.0
env-hardening	UNKNOWN STEP	2025-10-28T09:34:06.8326317Z ##[endgroup]
env-hardening	UNKNOWN STEP	2025-10-28T09:34:06.8332716Z Temporarily overriding HOME='/home/runner/work/_temp/eab89f20-23f0-407a-9000-fd3d4f80f270' before making global git config changes
env-hardening	UNKNOWN STEP	2025-10-28T09:34:06.8335842Z Adding repository directory to the temporary git global config as a safe directory
env-hardening	UNKNOWN STEP	2025-10-28T09:34:06.8337856Z [command]/usr/bin/git config --global --add safe.directory /home/runner/work/juushin-care-system-v0-careapp8/juushin-care-system-v0-careapp8
env-hardening	UNKNOWN STEP	2025-10-28T09:34:06.8372163Z Deleting the contents of '/home/runner/work/juushin-care-system-v0-careapp8/juushin-care-system-v0-careapp8'
env-hardening	UNKNOWN STEP	2025-10-28T09:34:06.8375534Z ##[group]Initializing the repository
env-hardening	UNKNOWN STEP	2025-10-28T09:34:06.8379603Z [command]/usr/bin/git init /home/runner/work/juushin-care-system-v0-careapp8/juushin-care-system-v0-careapp8
env-hardening	UNKNOWN STEP	2025-10-28T09:34:06.8497641Z hint: Using 'master' as the name for the initial branch. This default branch name
env-hardening	UNKNOWN STEP	2025-10-28T09:34:06.8499390Z hint: is subject to change. To configure the initial branch name to use in all
env-hardening	UNKNOWN STEP	2025-10-28T09:34:06.8500364Z hint: of your new repositories, which will suppress this warning, call:
env-hardening	UNKNOWN STEP	2025-10-28T09:34:06.8501137Z hint:
env-hardening	UNKNOWN STEP	2025-10-28T09:34:06.8501901Z hint: 	git config --global init.defaultBranch <name>
env-hardening	UNKNOWN STEP	2025-10-28T09:34:06.8503172Z hint:
env-hardening	UNKNOWN STEP	2025-10-28T09:34:06.8503799Z hint: Names commonly chosen instead of 'master' are 'main', 'trunk' and
env-hardening	UNKNOWN STEP	2025-10-28T09:34:06.8504780Z hint: 'development'. The just-created branch can be renamed via this command:
env-hardening	UNKNOWN STEP	2025-10-28T09:34:06.8505553Z hint:
env-hardening	UNKNOWN STEP	2025-10-28T09:34:06.8505955Z hint: 	git branch -m <name>
env-hardening	UNKNOWN STEP	2025-10-28T09:34:06.8506440Z hint:
env-hardening	UNKNOWN STEP	2025-10-28T09:34:06.8507296Z hint: Disable this message with "git config set advice.defaultBranchName false"
env-hardening	UNKNOWN STEP	2025-10-28T09:34:06.8508689Z Initialized empty Git repository in /home/runner/work/juushin-care-system-v0-careapp8/juushin-care-system-v0-careapp8/.git/
env-hardening	UNKNOWN STEP	2025-10-28T09:34:06.8513579Z [command]/usr/bin/git remote add origin https://github.com/katoutomohiro/juushin-care-system-v0-careapp8
env-hardening	UNKNOWN STEP	2025-10-28T09:34:06.8550215Z ##[endgroup]
env-hardening	UNKNOWN STEP	2025-10-28T09:34:06.8550997Z ##[group]Disabling automatic garbage collection
env-hardening	UNKNOWN STEP	2025-10-28T09:34:06.8554166Z [command]/usr/bin/git config --local gc.auto 0
env-hardening	UNKNOWN STEP	2025-10-28T09:34:06.8581310Z ##[endgroup]
env-hardening	UNKNOWN STEP	2025-10-28T09:34:06.8582052Z ##[group]Setting up auth
env-hardening	UNKNOWN STEP	2025-10-28T09:34:06.8588177Z [command]/usr/bin/git config --local --name-only --get-regexp core\.sshCommand
env-hardening	UNKNOWN STEP	2025-10-28T09:34:06.8617145Z [command]/usr/bin/git submodule foreach --recursive sh -c "git config --local --name-only --get-regexp 'core\.sshCommand' && git config --local --unset-all 'core.sshCommand' || :"
env-hardening	UNKNOWN STEP	2025-10-28T09:34:06.8978090Z [command]/usr/bin/git config --local --name-only --get-regexp http\.https\:\/\/github\.com\/\.extraheader
env-hardening	UNKNOWN STEP	2025-10-28T09:34:06.9006156Z [command]/usr/bin/git submodule foreach --recursive sh -c "git config --local --name-only --get-regexp 'http\.https\:\/\/github\.com\/\.extraheader' && git config --local --unset-all 'http.https://github.com/.extraheader' || :"
env-hardening	UNKNOWN STEP	2025-10-28T09:34:06.9223137Z [command]/usr/bin/git config --local http.https://github.com/.extraheader AUTHORIZATION: basic ***
env-hardening	UNKNOWN STEP	2025-10-28T09:34:06.9257516Z ##[endgroup]
env-hardening	UNKNOWN STEP	2025-10-28T09:34:06.9258959Z ##[group]Fetching the repository
env-hardening	UNKNOWN STEP	2025-10-28T09:34:06.9268239Z [command]/usr/bin/git -c protocol.version=2 fetch --no-tags --prune --no-recurse-submodules --depth=1 origin +ecc822b70b0495c0512ec4604fa1a15853c4b9e8:refs/remotes/origin/main
env-hardening	UNKNOWN STEP	2025-10-28T09:34:07.1307587Z From https://github.com/katoutomohiro/juushin-care-system-v0-careapp8
env-hardening	UNKNOWN STEP	2025-10-28T09:34:07.1309001Z  * [new ref]         ecc822b70b0495c0512ec4604fa1a15853c4b9e8 -> origin/main
env-hardening	UNKNOWN STEP	2025-10-28T09:34:07.1344328Z ##[endgroup]
env-hardening	UNKNOWN STEP	2025-10-28T09:34:07.1345623Z ##[group]Determining the checkout info
env-hardening	UNKNOWN STEP	2025-10-28T09:34:07.1347015Z ##[endgroup]
env-hardening	UNKNOWN STEP	2025-10-28T09:34:07.1352073Z [command]/usr/bin/git sparse-checkout disable
env-hardening	UNKNOWN STEP	2025-10-28T09:34:07.1392240Z [command]/usr/bin/git config --local --unset-all extensions.worktreeConfig
env-hardening	UNKNOWN STEP	2025-10-28T09:34:07.1420450Z ##[group]Checking out the ref
env-hardening	UNKNOWN STEP	2025-10-28T09:34:07.1424602Z [command]/usr/bin/git checkout --progress --force -B main refs/remotes/origin/main
env-hardening	UNKNOWN STEP	2025-10-28T09:34:07.1596148Z Switched to a new branch 'main'
env-hardening	UNKNOWN STEP	2025-10-28T09:34:07.1598849Z branch 'main' set up to track 'origin/main'.
env-hardening	UNKNOWN STEP	2025-10-28T09:34:07.1604851Z ##[endgroup]
env-hardening	UNKNOWN STEP	2025-10-28T09:34:07.1638628Z [command]/usr/bin/git log -1 --format=%H
env-hardening	UNKNOWN STEP	2025-10-28T09:34:07.1660220Z ecc822b70b0495c0512ec4604fa1a15853c4b9e8
env-hardening	UNKNOWN STEP	2025-10-28T09:34:07.1896829Z ##[group]Run actions/setup-python@v5
env-hardening	UNKNOWN STEP	2025-10-28T09:34:07.1897360Z with:
env-hardening	UNKNOWN STEP	2025-10-28T09:34:07.1897727Z   python-version: 3.11
env-hardening	UNKNOWN STEP	2025-10-28T09:34:07.1898125Z   check-latest: false
env-hardening	UNKNOWN STEP	2025-10-28T09:34:07.1898685Z   token: ***
env-hardening	UNKNOWN STEP	2025-10-28T09:34:07.1899066Z   update-environment: true
env-hardening	UNKNOWN STEP	2025-10-28T09:34:07.1899509Z   allow-prereleases: false
env-hardening	UNKNOWN STEP	2025-10-28T09:34:07.1899936Z   freethreaded: false
env-hardening	UNKNOWN STEP	2025-10-28T09:34:07.1900325Z ##[endgroup]
env-hardening	UNKNOWN STEP	2025-10-28T09:34:07.3549510Z ##[group]Installed versions
env-hardening	UNKNOWN STEP	2025-10-28T09:34:07.3671316Z Successfully set up CPython (3.11.13)
env-hardening	UNKNOWN STEP	2025-10-28T09:34:07.3672772Z ##[endgroup]
env-hardening	UNKNOWN STEP	2025-10-28T09:34:07.3840820Z ##[group]Run mkdir -p artifacts/agent_reports
env-hardening	UNKNOWN STEP	2025-10-28T09:34:07.3841518Z [36;1mmkdir -p artifacts/agent_reports[0m
env-hardening	UNKNOWN STEP	2025-10-28T09:34:07.3842571Z [36;1mpython -m scripts.agents.dispatcher --task env_hardening --payload "{}" | tee artifacts/agent_reports/env_hardening.json[0m
env-hardening	UNKNOWN STEP	2025-10-28T09:34:07.4075741Z shell: /usr/bin/bash -e {0}
env-hardening	UNKNOWN STEP	2025-10-28T09:34:07.4076225Z env:
env-hardening	UNKNOWN STEP	2025-10-28T09:34:07.4076703Z   pythonLocation: /opt/hostedtoolcache/Python/3.11.13/x64
env-hardening	UNKNOWN STEP	2025-10-28T09:34:07.4077487Z   PKG_CONFIG_PATH: /opt/hostedtoolcache/Python/3.11.13/x64/lib/pkgconfig
env-hardening	UNKNOWN STEP	2025-10-28T09:34:07.4078235Z   Python_ROOT_DIR: /opt/hostedtoolcache/Python/3.11.13/x64
env-hardening	UNKNOWN STEP	2025-10-28T09:34:07.4078897Z   Python2_ROOT_DIR: /opt/hostedtoolcache/Python/3.11.13/x64
env-hardening	UNKNOWN STEP	2025-10-28T09:34:07.4079585Z   Python3_ROOT_DIR: /opt/hostedtoolcache/Python/3.11.13/x64
env-hardening	UNKNOWN STEP	2025-10-28T09:34:07.4080266Z   LD_LIBRARY_PATH: /opt/hostedtoolcache/Python/3.11.13/x64/lib
env-hardening	UNKNOWN STEP	2025-10-28T09:34:07.4080854Z ##[endgroup]
env-hardening	UNKNOWN STEP	2025-10-28T09:34:08.0751522Z {"ok": false, "summary": "missing required env: OPENAI_API_KEY, SUPABASE_SERVICE_ROLE_KEY, SUPABASE_URL", "artifacts": [], "next_actions": []}
env-hardening	UNKNOWN STEP	2025-10-28T09:34:08.0877990Z ##[group]Run python - << 'PY'
env-hardening	UNKNOWN STEP	2025-10-28T09:34:08.0879207Z [36;1mpython - << 'PY'[0m
env-hardening	UNKNOWN STEP	2025-10-28T09:34:08.0880334Z [36;1mimport json,sys[0m
env-hardening	UNKNOWN STEP	2025-10-28T09:34:08.0881418Z [36;1mfrom pathlib import Path[0m
env-hardening	UNKNOWN STEP	2025-10-28T09:34:08.0882844Z [36;1mp=Path("artifacts/agent_reports/env_hardening.json")[0m
env-hardening	UNKNOWN STEP	2025-10-28T09:34:08.0884617Z [36;1mdata=json.loads(p.read_text())[0m
env-hardening	UNKNOWN STEP	2025-10-28T09:34:08.0885952Z [36;1mif not isinstance(data.get("ok"), bool):[0m
env-hardening	UNKNOWN STEP	2025-10-28T09:34:08.0887411Z [36;1m    print("ok must be boolean"); sys.exit(1)[0m
env-hardening	UNKNOWN STEP	2025-10-28T09:34:08.0888751Z [36;1mif not data["ok"]:[0m
env-hardening	UNKNOWN STEP	2025-10-28T09:34:08.0890012Z [36;1m    print("agent reported not ok"); sys.exit(1)[0m
env-hardening	UNKNOWN STEP	2025-10-28T09:34:08.0891388Z [36;1mprint("ok true")[0m
env-hardening	UNKNOWN STEP	2025-10-28T09:34:08.0892459Z [36;1mPY[0m
env-hardening	UNKNOWN STEP	2025-10-28T09:34:08.0927409Z shell: /usr/bin/bash -e {0}
env-hardening	UNKNOWN STEP	2025-10-28T09:34:08.0928500Z env:
env-hardening	UNKNOWN STEP	2025-10-28T09:34:08.0929606Z   pythonLocation: /opt/hostedtoolcache/Python/3.11.13/x64
env-hardening	UNKNOWN STEP	2025-10-28T09:34:08.0931487Z   PKG_CONFIG_PATH: /opt/hostedtoolcache/Python/3.11.13/x64/lib/pkgconfig
env-hardening	UNKNOWN STEP	2025-10-28T09:34:08.0933486Z   Python_ROOT_DIR: /opt/hostedtoolcache/Python/3.11.13/x64
env-hardening	UNKNOWN STEP	2025-10-28T09:34:08.0935117Z   Python2_ROOT_DIR: /opt/hostedtoolcache/Python/3.11.13/x64
env-hardening	UNKNOWN STEP	2025-10-28T09:34:08.0936755Z   Python3_ROOT_DIR: /opt/hostedtoolcache/Python/3.11.13/x64
env-hardening	UNKNOWN STEP	2025-10-28T09:34:08.0938389Z   LD_LIBRARY_PATH: /opt/hostedtoolcache/Python/3.11.13/x64/lib
env-hardening	UNKNOWN STEP	2025-10-28T09:34:08.0939773Z ##[endgroup]
env-hardening	UNKNOWN STEP	2025-10-28T09:34:08.1557100Z agent reported not ok
env-hardening	UNKNOWN STEP	2025-10-28T09:34:08.1604788Z ##[error]Process completed with exit code 1.
env-hardening	UNKNOWN STEP	2025-10-28T09:34:08.1807908Z Post job cleanup.
env-hardening	UNKNOWN STEP	2025-10-28T09:34:08.2745778Z [command]/usr/bin/git version
env-hardening	UNKNOWN STEP	2025-10-28T09:34:08.2788478Z git version 2.51.0
env-hardening	UNKNOWN STEP	2025-10-28T09:34:08.2830576Z Temporarily overriding HOME='/home/runner/work/_temp/0ad2dde5-4ac8-4e60-996f-1a97937ec05f' before making global git config changes
env-hardening	UNKNOWN STEP	2025-10-28T09:34:08.2833865Z Adding repository directory to the temporary git global config as a safe directory
env-hardening	UNKNOWN STEP	2025-10-28T09:34:08.2837230Z [command]/usr/bin/git config --global --add safe.directory /home/runner/work/juushin-care-system-v0-careapp8/juushin-care-system-v0-careapp8
env-hardening	UNKNOWN STEP	2025-10-28T09:34:08.2869115Z [command]/usr/bin/git config --local --name-only --get-regexp core\.sshCommand
env-hardening	UNKNOWN STEP	2025-10-28T09:34:08.2901625Z [command]/usr/bin/git submodule foreach --recursive sh -c "git config --local --name-only --get-regexp 'core\.sshCommand' && git config --local --unset-all 'core.sshCommand' || :"
env-hardening	UNKNOWN STEP	2025-10-28T09:34:08.3132055Z [command]/usr/bin/git config --local --name-only --get-regexp http\.https\:\/\/github\.com\/\.extraheader
env-hardening	UNKNOWN STEP	2025-10-28T09:34:08.3151912Z http.https://github.com/.extraheader
env-hardening	UNKNOWN STEP	2025-10-28T09:34:08.3164433Z [command]/usr/bin/git config --local --unset-all http.https://github.com/.extraheader
env-hardening	UNKNOWN STEP	2025-10-28T09:34:08.3197843Z [command]/usr/bin/git submodule foreach --recursive sh -c "git config --local --name-only --get-regexp 'http\.https\:\/\/github\.com\/\.extraheader' && git config --local --unset-all 'http.https://github.com/.extraheader' || :"
env-hardening	UNKNOWN STEP	2025-10-28T09:34:08.3531316Z Cleaning up orphan processes
