env-hardening	UNKNOWN STEP	・ｿ2025-10-28T09:45:48.0591328Z Current runner version: '2.328.0'
env-hardening	UNKNOWN STEP	2025-10-28T09:45:48.0614885Z ##[group]Runner Image Provisioner
env-hardening	UNKNOWN STEP	2025-10-28T09:45:48.0615991Z Hosted Compute Agent
env-hardening	UNKNOWN STEP	2025-10-28T09:45:48.0616550Z Version: 20250912.392
env-hardening	UNKNOWN STEP	2025-10-28T09:45:48.0617107Z Commit: d921fda672a98b64f4f82364647e2f10b2267d0b
env-hardening	UNKNOWN STEP	2025-10-28T09:45:48.0617854Z Build Date: 2025-09-12T15:23:14Z
env-hardening	UNKNOWN STEP	2025-10-28T09:45:48.0618405Z ##[endgroup]
env-hardening	UNKNOWN STEP	2025-10-28T09:45:48.0618955Z ##[group]Operating System
env-hardening	UNKNOWN STEP	2025-10-28T09:45:48.0619522Z Ubuntu
env-hardening	UNKNOWN STEP	2025-10-28T09:45:48.0620024Z 24.04.3
env-hardening	UNKNOWN STEP	2025-10-28T09:45:48.0620457Z LTS
env-hardening	UNKNOWN STEP	2025-10-28T09:45:48.0620952Z ##[endgroup]
env-hardening	UNKNOWN STEP	2025-10-28T09:45:48.0621459Z ##[group]Runner Image
env-hardening	UNKNOWN STEP	2025-10-28T09:45:48.0621972Z Image: ubuntu-24.04
env-hardening	UNKNOWN STEP	2025-10-28T09:45:48.0622553Z Version: 20250929.60.1
env-hardening	UNKNOWN STEP	2025-10-28T09:45:48.0623579Z Included Software: https://github.com/actions/runner-images/blob/ubuntu24/20250929.60/images/ubuntu/Ubuntu2404-Readme.md
env-hardening	UNKNOWN STEP	2025-10-28T09:45:48.0625342Z Image Release: https://github.com/actions/runner-images/releases/tag/ubuntu24%2F20250929.60
env-hardening	UNKNOWN STEP	2025-10-28T09:45:48.0626399Z ##[endgroup]
env-hardening	UNKNOWN STEP	2025-10-28T09:45:48.0627494Z ##[group]GITHUB_TOKEN Permissions
env-hardening	UNKNOWN STEP	2025-10-28T09:45:48.0629609Z Contents: write
env-hardening	UNKNOWN STEP	2025-10-28T09:45:48.0630124Z Metadata: read
env-hardening	UNKNOWN STEP	2025-10-28T09:45:48.0630647Z PullRequests: write
env-hardening	UNKNOWN STEP	2025-10-28T09:45:48.0631289Z ##[endgroup]
env-hardening	UNKNOWN STEP	2025-10-28T09:45:48.0633296Z Secret source: Actions
env-hardening	UNKNOWN STEP	2025-10-28T09:45:48.0633967Z Prepare workflow directory
env-hardening	UNKNOWN STEP	2025-10-28T09:45:48.0954075Z Prepare all required actions
env-hardening	UNKNOWN STEP	2025-10-28T09:45:48.0991797Z Getting action download info
env-hardening	UNKNOWN STEP	2025-10-28T09:45:48.6259682Z Download action repository 'actions/checkout@v4' (SHA:08eba0b27e820071cde6df949e0beb9ba4906955)
env-hardening	UNKNOWN STEP	2025-10-28T09:45:48.8213923Z Download action repository 'actions/setup-python@v5' (SHA:a26af69be951a213d495a4c3e4e4022e16d87065)
env-hardening	UNKNOWN STEP	2025-10-28T09:45:48.9475278Z Download action repository 'actions/upload-artifact@v4' (SHA:ea165f8d65b6e75b540449e92b4886f43607fa02)
env-hardening	UNKNOWN STEP	2025-10-28T09:45:49.1888832Z Complete job name: env-hardening
env-hardening	UNKNOWN STEP	2025-10-28T09:45:49.2556263Z ##[group]Run actions/checkout@v4
env-hardening	UNKNOWN STEP	2025-10-28T09:45:49.2557106Z with:
env-hardening	UNKNOWN STEP	2025-10-28T09:45:49.2557626Z   repository: katoutomohiro/juushin-care-system-v0-careapp8
env-hardening	UNKNOWN STEP	2025-10-28T09:45:49.2558407Z   token: ***
env-hardening	UNKNOWN STEP	2025-10-28T09:45:49.2558798Z   ssh-strict: true
env-hardening	UNKNOWN STEP	2025-10-28T09:45:49.2559202Z   ssh-user: git
env-hardening	UNKNOWN STEP	2025-10-28T09:45:49.2559611Z   persist-credentials: true
env-hardening	UNKNOWN STEP	2025-10-28T09:45:49.2560061Z   clean: true
env-hardening	UNKNOWN STEP	2025-10-28T09:45:49.2560474Z   sparse-checkout-cone-mode: true
env-hardening	UNKNOWN STEP	2025-10-28T09:45:49.2560960Z   fetch-depth: 1
env-hardening	UNKNOWN STEP	2025-10-28T09:45:49.2561359Z   fetch-tags: false
env-hardening	UNKNOWN STEP	2025-10-28T09:45:49.2561758Z   show-progress: true
env-hardening	UNKNOWN STEP	2025-10-28T09:45:49.2562175Z   lfs: false
env-hardening	UNKNOWN STEP	2025-10-28T09:45:49.2562564Z   submodules: false
env-hardening	UNKNOWN STEP	2025-10-28T09:45:49.2562993Z   set-safe-directory: true
env-hardening	UNKNOWN STEP	2025-10-28T09:45:49.2563650Z ##[endgroup]
env-hardening	UNKNOWN STEP	2025-10-28T09:45:49.3621714Z Syncing repository: katoutomohiro/juushin-care-system-v0-careapp8
env-hardening	UNKNOWN STEP	2025-10-28T09:45:49.3623547Z ##[group]Getting Git version info
env-hardening	UNKNOWN STEP	2025-10-28T09:45:49.3624771Z Working directory is '/home/runner/work/juushin-care-system-v0-careapp8/juushin-care-system-v0-careapp8'
env-hardening	UNKNOWN STEP	2025-10-28T09:45:49.3626018Z [command]/usr/bin/git version
env-hardening	UNKNOWN STEP	2025-10-28T09:45:49.4606912Z git version 2.51.0
env-hardening	UNKNOWN STEP	2025-10-28T09:45:49.4634366Z ##[endgroup]
env-hardening	UNKNOWN STEP	2025-10-28T09:45:49.4655572Z Temporarily overriding HOME='/home/runner/work/_temp/53fb652b-0ad7-4edb-b931-36a184ac2a86' before making global git config changes
env-hardening	UNKNOWN STEP	2025-10-28T09:45:49.4657022Z Adding repository directory to the temporary git global config as a safe directory
env-hardening	UNKNOWN STEP	2025-10-28T09:45:49.4660796Z [command]/usr/bin/git config --global --add safe.directory /home/runner/work/juushin-care-system-v0-careapp8/juushin-care-system-v0-careapp8
env-hardening	UNKNOWN STEP	2025-10-28T09:45:49.4737594Z Deleting the contents of '/home/runner/work/juushin-care-system-v0-careapp8/juushin-care-system-v0-careapp8'
env-hardening	UNKNOWN STEP	2025-10-28T09:45:49.4740563Z ##[group]Initializing the repository
env-hardening	UNKNOWN STEP	2025-10-28T09:45:49.4744940Z [command]/usr/bin/git init /home/runner/work/juushin-care-system-v0-careapp8/juushin-care-system-v0-careapp8
env-hardening	UNKNOWN STEP	2025-10-28T09:45:49.5686655Z hint: Using 'master' as the name for the initial branch. This default branch name
env-hardening	UNKNOWN STEP	2025-10-28T09:45:49.5688530Z hint: is subject to change. To configure the initial branch name to use in all
env-hardening	UNKNOWN STEP	2025-10-28T09:45:49.5689711Z hint: of your new repositories, which will suppress this warning, call:
env-hardening	UNKNOWN STEP	2025-10-28T09:45:49.5690564Z hint:
env-hardening	UNKNOWN STEP	2025-10-28T09:45:49.5691136Z hint: 	git config --global init.defaultBranch <name>
env-hardening	UNKNOWN STEP	2025-10-28T09:45:49.5691869Z hint:
env-hardening	UNKNOWN STEP	2025-10-28T09:45:49.5692550Z hint: Names commonly chosen instead of 'master' are 'main', 'trunk' and
env-hardening	UNKNOWN STEP	2025-10-28T09:45:49.5693691Z hint: 'development'. The just-created branch can be renamed via this command:
env-hardening	UNKNOWN STEP	2025-10-28T09:45:49.5694815Z hint:
env-hardening	UNKNOWN STEP	2025-10-28T09:45:49.5695287Z hint: 	git branch -m <name>
env-hardening	UNKNOWN STEP	2025-10-28T09:45:49.5695835Z hint:
env-hardening	UNKNOWN STEP	2025-10-28T09:45:49.5696575Z hint: Disable this message with "git config set advice.defaultBranchName false"
env-hardening	UNKNOWN STEP	2025-10-28T09:45:49.5730718Z Initialized empty Git repository in /home/runner/work/juushin-care-system-v0-careapp8/juushin-care-system-v0-careapp8/.git/
env-hardening	UNKNOWN STEP	2025-10-28T09:45:49.5741495Z [command]/usr/bin/git remote add origin https://github.com/katoutomohiro/juushin-care-system-v0-careapp8
env-hardening	UNKNOWN STEP	2025-10-28T09:45:49.5855181Z ##[endgroup]
env-hardening	UNKNOWN STEP	2025-10-28T09:45:49.5856084Z ##[group]Disabling automatic garbage collection
env-hardening	UNKNOWN STEP	2025-10-28T09:45:49.5858792Z [command]/usr/bin/git config --local gc.auto 0
env-hardening	UNKNOWN STEP	2025-10-28T09:45:49.5888137Z ##[endgroup]
env-hardening	UNKNOWN STEP	2025-10-28T09:45:49.5889626Z ##[group]Setting up auth
env-hardening	UNKNOWN STEP	2025-10-28T09:45:49.5896205Z [command]/usr/bin/git config --local --name-only --get-regexp core\.sshCommand
env-hardening	UNKNOWN STEP	2025-10-28T09:45:49.5926867Z [command]/usr/bin/git submodule foreach --recursive sh -c "git config --local --name-only --get-regexp 'core\.sshCommand' && git config --local --unset-all 'core.sshCommand' || :"
env-hardening	UNKNOWN STEP	2025-10-28T09:45:49.7469180Z [command]/usr/bin/git config --local --name-only --get-regexp http\.https\:\/\/github\.com\/\.extraheader
env-hardening	UNKNOWN STEP	2025-10-28T09:45:49.7500534Z [command]/usr/bin/git submodule foreach --recursive sh -c "git config --local --name-only --get-regexp 'http\.https\:\/\/github\.com\/\.extraheader' && git config --local --unset-all 'http.https://github.com/.extraheader' || :"
env-hardening	UNKNOWN STEP	2025-10-28T09:45:49.7715502Z [command]/usr/bin/git config --local http.https://github.com/.extraheader AUTHORIZATION: basic ***
env-hardening	UNKNOWN STEP	2025-10-28T09:45:49.7750940Z ##[endgroup]
env-hardening	UNKNOWN STEP	2025-10-28T09:45:49.7752117Z ##[group]Fetching the repository
env-hardening	UNKNOWN STEP	2025-10-28T09:45:49.7759805Z [command]/usr/bin/git -c protocol.version=2 fetch --no-tags --prune --no-recurse-submodules --depth=1 origin +ecc822b70b0495c0512ec4604fa1a15853c4b9e8:refs/remotes/origin/main
env-hardening	UNKNOWN STEP	2025-10-28T09:45:50.3614786Z From https://github.com/katoutomohiro/juushin-care-system-v0-careapp8
env-hardening	UNKNOWN STEP	2025-10-28T09:45:50.3617172Z  * [new ref]         ecc822b70b0495c0512ec4604fa1a15853c4b9e8 -> origin/main
env-hardening	UNKNOWN STEP	2025-10-28T09:45:50.3686432Z ##[endgroup]
env-hardening	UNKNOWN STEP	2025-10-28T09:45:50.3686940Z ##[group]Determining the checkout info
env-hardening	UNKNOWN STEP	2025-10-28T09:45:50.3689581Z ##[endgroup]
env-hardening	UNKNOWN STEP	2025-10-28T09:45:50.3695265Z [command]/usr/bin/git sparse-checkout disable
env-hardening	UNKNOWN STEP	2025-10-28T09:45:50.3776107Z [command]/usr/bin/git config --local --unset-all extensions.worktreeConfig
env-hardening	UNKNOWN STEP	2025-10-28T09:45:50.3806147Z ##[group]Checking out the ref
env-hardening	UNKNOWN STEP	2025-10-28T09:45:50.3810790Z [command]/usr/bin/git checkout --progress --force -B main refs/remotes/origin/main
env-hardening	UNKNOWN STEP	2025-10-28T09:45:50.4021667Z Switched to a new branch 'main'
env-hardening	UNKNOWN STEP	2025-10-28T09:45:50.4024767Z branch 'main' set up to track 'origin/main'.
env-hardening	UNKNOWN STEP	2025-10-28T09:45:50.4030470Z ##[endgroup]
env-hardening	UNKNOWN STEP	2025-10-28T09:45:50.4065905Z [command]/usr/bin/git log -1 --format=%H
env-hardening	UNKNOWN STEP	2025-10-28T09:45:50.4087132Z ecc822b70b0495c0512ec4604fa1a15853c4b9e8
env-hardening	UNKNOWN STEP	2025-10-28T09:45:50.4310919Z ##[group]Run actions/setup-python@v5
env-hardening	UNKNOWN STEP	2025-10-28T09:45:50.4311253Z with:
env-hardening	UNKNOWN STEP	2025-10-28T09:45:50.4311484Z   python-version: 3.11
env-hardening	UNKNOWN STEP	2025-10-28T09:45:50.4311726Z   check-latest: false
env-hardening	UNKNOWN STEP	2025-10-28T09:45:50.4312088Z   token: ***
env-hardening	UNKNOWN STEP	2025-10-28T09:45:50.4312316Z   update-environment: true
env-hardening	UNKNOWN STEP	2025-10-28T09:45:50.4312578Z   allow-prereleases: false
env-hardening	UNKNOWN STEP	2025-10-28T09:45:50.4312821Z   freethreaded: false
env-hardening	UNKNOWN STEP	2025-10-28T09:45:50.4313053Z ##[endgroup]
env-hardening	UNKNOWN STEP	2025-10-28T09:45:50.5945685Z ##[group]Installed versions
env-hardening	UNKNOWN STEP	2025-10-28T09:45:50.6621821Z Successfully set up CPython (3.11.13)
env-hardening	UNKNOWN STEP	2025-10-28T09:45:50.6622887Z ##[endgroup]
env-hardening	UNKNOWN STEP	2025-10-28T09:45:50.6742721Z ##[group]Run mkdir -p artifacts/agent_reports
env-hardening	UNKNOWN STEP	2025-10-28T09:45:50.6743185Z [36;1mmkdir -p artifacts/agent_reports[0m
env-hardening	UNKNOWN STEP	2025-10-28T09:45:50.6743801Z [36;1mpython -m scripts.agents.dispatcher --task env_hardening --payload "{}" | tee artifacts/agent_reports/env_hardening.json[0m
env-hardening	UNKNOWN STEP	2025-10-28T09:45:50.6911744Z shell: /usr/bin/bash -e {0}
env-hardening	UNKNOWN STEP	2025-10-28T09:45:50.6912073Z env:
env-hardening	UNKNOWN STEP	2025-10-28T09:45:50.6912372Z   pythonLocation: /opt/hostedtoolcache/Python/3.11.13/x64
env-hardening	UNKNOWN STEP	2025-10-28T09:45:50.6912895Z   PKG_CONFIG_PATH: /opt/hostedtoolcache/Python/3.11.13/x64/lib/pkgconfig
env-hardening	UNKNOWN STEP	2025-10-28T09:45:50.6913387Z   Python_ROOT_DIR: /opt/hostedtoolcache/Python/3.11.13/x64
env-hardening	UNKNOWN STEP	2025-10-28T09:45:50.6913811Z   Python2_ROOT_DIR: /opt/hostedtoolcache/Python/3.11.13/x64
env-hardening	UNKNOWN STEP	2025-10-28T09:45:50.6914244Z   Python3_ROOT_DIR: /opt/hostedtoolcache/Python/3.11.13/x64
env-hardening	UNKNOWN STEP	2025-10-28T09:45:50.6914914Z   LD_LIBRARY_PATH: /opt/hostedtoolcache/Python/3.11.13/x64/lib
env-hardening	UNKNOWN STEP	2025-10-28T09:45:50.6915318Z ##[endgroup]
env-hardening	UNKNOWN STEP	2025-10-28T09:45:51.2439083Z {"ok": false, "summary": "missing required env: OPENAI_API_KEY, SUPABASE_SERVICE_ROLE_KEY, SUPABASE_URL", "artifacts": [], "next_actions": []}
env-hardening	UNKNOWN STEP	2025-10-28T09:45:51.2533493Z ##[group]Run python - << 'PY'
env-hardening	UNKNOWN STEP	2025-10-28T09:45:51.2533875Z [36;1mpython - << 'PY'[0m
env-hardening	UNKNOWN STEP	2025-10-28T09:45:51.2534174Z [36;1mimport json,sys[0m
env-hardening	UNKNOWN STEP	2025-10-28T09:45:51.2534715Z [36;1mfrom pathlib import Path[0m
env-hardening	UNKNOWN STEP	2025-10-28T09:45:51.2535137Z [36;1mp=Path("artifacts/agent_reports/env_hardening.json")[0m
env-hardening	UNKNOWN STEP	2025-10-28T09:45:51.2535578Z [36;1mdata=json.loads(p.read_text())[0m
env-hardening	UNKNOWN STEP	2025-10-28T09:45:51.2535956Z [36;1mif not isinstance(data.get("ok"), bool):[0m
env-hardening	UNKNOWN STEP	2025-10-28T09:45:51.2536368Z [36;1m    print("ok must be boolean"); sys.exit(1)[0m
env-hardening	UNKNOWN STEP	2025-10-28T09:45:51.2536726Z [36;1mif not data["ok"]:[0m
env-hardening	UNKNOWN STEP	2025-10-28T09:45:51.2537061Z [36;1m    print("agent reported not ok"); sys.exit(1)[0m
env-hardening	UNKNOWN STEP	2025-10-28T09:45:51.2537425Z [36;1mprint("ok true")[0m
env-hardening	UNKNOWN STEP	2025-10-28T09:45:51.2537724Z [36;1mPY[0m
env-hardening	UNKNOWN STEP	2025-10-28T09:45:51.2572411Z shell: /usr/bin/bash -e {0}
env-hardening	UNKNOWN STEP	2025-10-28T09:45:51.2572729Z env:
env-hardening	UNKNOWN STEP	2025-10-28T09:45:51.2573075Z   pythonLocation: /opt/hostedtoolcache/Python/3.11.13/x64
env-hardening	UNKNOWN STEP	2025-10-28T09:45:51.2573626Z   PKG_CONFIG_PATH: /opt/hostedtoolcache/Python/3.11.13/x64/lib/pkgconfig
env-hardening	UNKNOWN STEP	2025-10-28T09:45:51.2574131Z   Python_ROOT_DIR: /opt/hostedtoolcache/Python/3.11.13/x64
env-hardening	UNKNOWN STEP	2025-10-28T09:45:51.2574905Z   Python2_ROOT_DIR: /opt/hostedtoolcache/Python/3.11.13/x64
env-hardening	UNKNOWN STEP	2025-10-28T09:45:51.2575384Z   Python3_ROOT_DIR: /opt/hostedtoolcache/Python/3.11.13/x64
env-hardening	UNKNOWN STEP	2025-10-28T09:45:51.2575862Z   LD_LIBRARY_PATH: /opt/hostedtoolcache/Python/3.11.13/x64/lib
env-hardening	UNKNOWN STEP	2025-10-28T09:45:51.2576258Z ##[endgroup]
env-hardening	UNKNOWN STEP	2025-10-28T09:45:51.3085696Z agent reported not ok
env-hardening	UNKNOWN STEP	2025-10-28T09:45:51.3130828Z ##[error]Process completed with exit code 1.
env-hardening	UNKNOWN STEP	2025-10-28T09:45:51.3312722Z Post job cleanup.
env-hardening	UNKNOWN STEP	2025-10-28T09:45:51.4232507Z [command]/usr/bin/git version
env-hardening	UNKNOWN STEP	2025-10-28T09:45:51.4267738Z git version 2.51.0
env-hardening	UNKNOWN STEP	2025-10-28T09:45:51.4310494Z Temporarily overriding HOME='/home/runner/work/_temp/d2e1da33-dd31-4778-a5d4-4c5055a55fe5' before making global git config changes
env-hardening	UNKNOWN STEP	2025-10-28T09:45:51.4312001Z Adding repository directory to the temporary git global config as a safe directory
env-hardening	UNKNOWN STEP	2025-10-28T09:45:51.4323705Z [command]/usr/bin/git config --global --add safe.directory /home/runner/work/juushin-care-system-v0-careapp8/juushin-care-system-v0-careapp8
env-hardening	UNKNOWN STEP	2025-10-28T09:45:51.4357273Z [command]/usr/bin/git config --local --name-only --get-regexp core\.sshCommand
env-hardening	UNKNOWN STEP	2025-10-28T09:45:51.4389863Z [command]/usr/bin/git submodule foreach --recursive sh -c "git config --local --name-only --get-regexp 'core\.sshCommand' && git config --local --unset-all 'core.sshCommand' || :"
env-hardening	UNKNOWN STEP	2025-10-28T09:45:51.4660060Z [command]/usr/bin/git config --local --name-only --get-regexp http\.https\:\/\/github\.com\/\.extraheader
env-hardening	UNKNOWN STEP	2025-10-28T09:45:51.4680772Z http.https://github.com/.extraheader
env-hardening	UNKNOWN STEP	2025-10-28T09:45:51.4693912Z [command]/usr/bin/git config --local --unset-all http.https://github.com/.extraheader
env-hardening	UNKNOWN STEP	2025-10-28T09:45:51.4724269Z [command]/usr/bin/git submodule foreach --recursive sh -c "git config --local --name-only --get-regexp 'http\.https\:\/\/github\.com\/\.extraheader' && git config --local --unset-all 'http.https://github.com/.extraheader' || :"
env-hardening	UNKNOWN STEP	2025-10-28T09:45:51.5047497Z Cleaning up orphan processes
