env-hardening	Set up job	・ｿ2025-10-28T09:04:17.5392354Z Current runner version: '2.328.0'
env-hardening	Set up job	2025-10-28T09:04:17.5420013Z ##[group]Runner Image Provisioner
env-hardening	Set up job	2025-10-28T09:04:17.5421185Z Hosted Compute Agent
env-hardening	Set up job	2025-10-28T09:04:17.5422145Z Version: 20250912.392
env-hardening	Set up job	2025-10-28T09:04:17.5423086Z Commit: d921fda672a98b64f4f82364647e2f10b2267d0b
env-hardening	Set up job	2025-10-28T09:04:17.5424351Z Build Date: 2025-09-12T15:23:14Z
env-hardening	Set up job	2025-10-28T09:04:17.5425479Z ##[endgroup]
env-hardening	Set up job	2025-10-28T09:04:17.5426418Z ##[group]Operating System
env-hardening	Set up job	2025-10-28T09:04:17.5427479Z Ubuntu
env-hardening	Set up job	2025-10-28T09:04:17.5428327Z 24.04.3
env-hardening	Set up job	2025-10-28T09:04:17.5429037Z LTS
env-hardening	Set up job	2025-10-28T09:04:17.5429865Z ##[endgroup]
env-hardening	Set up job	2025-10-28T09:04:17.5430632Z ##[group]Runner Image
env-hardening	Set up job	2025-10-28T09:04:17.5431435Z Image: ubuntu-24.04
env-hardening	Set up job	2025-10-28T09:04:17.5432301Z Version: 20250929.60.1
env-hardening	Set up job	2025-10-28T09:04:17.5434016Z Included Software: https://github.com/actions/runner-images/blob/ubuntu24/20250929.60/images/ubuntu/Ubuntu2404-Readme.md
env-hardening	Set up job	2025-10-28T09:04:17.5436970Z Image Release: https://github.com/actions/runner-images/releases/tag/ubuntu24%2F20250929.60
env-hardening	Set up job	2025-10-28T09:04:17.5439091Z ##[endgroup]
env-hardening	Set up job	2025-10-28T09:04:17.5441073Z ##[group]GITHUB_TOKEN Permissions
env-hardening	Set up job	2025-10-28T09:04:17.5443922Z Contents: write
env-hardening	Set up job	2025-10-28T09:04:17.5445057Z Metadata: read
env-hardening	Set up job	2025-10-28T09:04:17.5446580Z PullRequests: write
env-hardening	Set up job	2025-10-28T09:04:17.5447420Z ##[endgroup]
env-hardening	Set up job	2025-10-28T09:04:17.5450379Z Secret source: Actions
env-hardening	Set up job	2025-10-28T09:04:17.5451813Z Prepare workflow directory
env-hardening	Set up job	2025-10-28T09:04:17.5900679Z Prepare all required actions
env-hardening	Set up job	2025-10-28T09:04:17.5955264Z Getting action download info
env-hardening	Set up job	2025-10-28T09:04:17.8836316Z Download action repository 'actions/checkout@v4' (SHA:08eba0b27e820071cde6df949e0beb9ba4906955)
env-hardening	Set up job	2025-10-28T09:04:18.0691575Z Download action repository 'actions/setup-python@v5' (SHA:a26af69be951a213d495a4c3e4e4022e16d87065)
env-hardening	Set up job	2025-10-28T09:04:18.1494924Z Download action repository 'actions/upload-artifact@v4' (SHA:ea165f8d65b6e75b540449e92b4886f43607fa02)
env-hardening	Set up job	2025-10-28T09:04:18.3501745Z Complete job name: env-hardening
env-hardening	Run actions/checkout@v4	・ｿ2025-10-28T09:04:18.4188746Z ##[group]Run actions/checkout@v4
env-hardening	Run actions/checkout@v4	2025-10-28T09:04:18.4189683Z with:
env-hardening	Run actions/checkout@v4	2025-10-28T09:04:18.4190249Z   repository: katoutomohiro/juushin-care-system-v0-careapp8
env-hardening	Run actions/checkout@v4	2025-10-28T09:04:18.4191105Z   token: ***
env-hardening	Run actions/checkout@v4	2025-10-28T09:04:18.4191516Z   ssh-strict: true
env-hardening	Run actions/checkout@v4	2025-10-28T09:04:18.4191947Z   ssh-user: git
env-hardening	Run actions/checkout@v4	2025-10-28T09:04:18.4192374Z   persist-credentials: true
env-hardening	Run actions/checkout@v4	2025-10-28T09:04:18.4192854Z   clean: true
env-hardening	Run actions/checkout@v4	2025-10-28T09:04:18.4193281Z   sparse-checkout-cone-mode: true
env-hardening	Run actions/checkout@v4	2025-10-28T09:04:18.4193786Z   fetch-depth: 1
env-hardening	Run actions/checkout@v4	2025-10-28T09:04:18.4194194Z   fetch-tags: false
env-hardening	Run actions/checkout@v4	2025-10-28T09:04:18.4194998Z   show-progress: true
env-hardening	Run actions/checkout@v4	2025-10-28T09:04:18.4195457Z   lfs: false
env-hardening	Run actions/checkout@v4	2025-10-28T09:04:18.4195856Z   submodules: false
env-hardening	Run actions/checkout@v4	2025-10-28T09:04:18.4196311Z   set-safe-directory: true
env-hardening	Run actions/checkout@v4	2025-10-28T09:04:18.4197094Z ##[endgroup]
env-hardening	Run actions/checkout@v4	2025-10-28T09:04:18.5266087Z Syncing repository: katoutomohiro/juushin-care-system-v0-careapp8
env-hardening	Run actions/checkout@v4	2025-10-28T09:04:18.5268072Z ##[group]Getting Git version info
env-hardening	Run actions/checkout@v4	2025-10-28T09:04:18.5269137Z Working directory is '/home/runner/work/juushin-care-system-v0-careapp8/juushin-care-system-v0-careapp8'
env-hardening	Run actions/checkout@v4	2025-10-28T09:04:18.5270533Z [command]/usr/bin/git version
env-hardening	Run actions/checkout@v4	2025-10-28T09:04:18.5351628Z git version 2.51.0
env-hardening	Run actions/checkout@v4	2025-10-28T09:04:18.5389306Z ##[endgroup]
env-hardening	Run actions/checkout@v4	2025-10-28T09:04:18.5406890Z Temporarily overriding HOME='/home/runner/work/_temp/5b18077e-22c0-4afb-884d-9430bc743f68' before making global git config changes
env-hardening	Run actions/checkout@v4	2025-10-28T09:04:18.5408676Z Adding repository directory to the temporary git global config as a safe directory
env-hardening	Run actions/checkout@v4	2025-10-28T09:04:18.5414266Z [command]/usr/bin/git config --global --add safe.directory /home/runner/work/juushin-care-system-v0-careapp8/juushin-care-system-v0-careapp8
env-hardening	Run actions/checkout@v4	2025-10-28T09:04:18.5455369Z Deleting the contents of '/home/runner/work/juushin-care-system-v0-careapp8/juushin-care-system-v0-careapp8'
env-hardening	Run actions/checkout@v4	2025-10-28T09:04:18.5459497Z ##[group]Initializing the repository
env-hardening	Run actions/checkout@v4	2025-10-28T09:04:18.5465842Z [command]/usr/bin/git init /home/runner/work/juushin-care-system-v0-careapp8/juushin-care-system-v0-careapp8
env-hardening	Run actions/checkout@v4	2025-10-28T09:04:18.5603993Z hint: Using 'master' as the name for the initial branch. This default branch name
env-hardening	Run actions/checkout@v4	2025-10-28T09:04:18.5605683Z hint: is subject to change. To configure the initial branch name to use in all
env-hardening	Run actions/checkout@v4	2025-10-28T09:04:18.5606642Z hint: of your new repositories, which will suppress this warning, call:
env-hardening	Run actions/checkout@v4	2025-10-28T09:04:18.5607335Z hint:
env-hardening	Run actions/checkout@v4	2025-10-28T09:04:18.5607874Z hint: 	git config --global init.defaultBranch <name>
env-hardening	Run actions/checkout@v4	2025-10-28T09:04:18.5608519Z hint:
env-hardening	Run actions/checkout@v4	2025-10-28T09:04:18.5609250Z hint: Names commonly chosen instead of 'master' are 'main', 'trunk' and
env-hardening	Run actions/checkout@v4	2025-10-28T09:04:18.5610221Z hint: 'development'. The just-created branch can be renamed via this command:
env-hardening	Run actions/checkout@v4	2025-10-28T09:04:18.5611024Z hint:
env-hardening	Run actions/checkout@v4	2025-10-28T09:04:18.5611472Z hint: 	git branch -m <name>
env-hardening	Run actions/checkout@v4	2025-10-28T09:04:18.5612273Z hint:
env-hardening	Run actions/checkout@v4	2025-10-28T09:04:18.5613473Z hint: Disable this message with "git config set advice.defaultBranchName false"
env-hardening	Run actions/checkout@v4	2025-10-28T09:04:18.5616246Z Initialized empty Git repository in /home/runner/work/juushin-care-system-v0-careapp8/juushin-care-system-v0-careapp8/.git/
env-hardening	Run actions/checkout@v4	2025-10-28T09:04:18.5627128Z [command]/usr/bin/git remote add origin https://github.com/katoutomohiro/juushin-care-system-v0-careapp8
env-hardening	Run actions/checkout@v4	2025-10-28T09:04:18.5670601Z ##[endgroup]
env-hardening	Run actions/checkout@v4	2025-10-28T09:04:18.5671401Z ##[group]Disabling automatic garbage collection
env-hardening	Run actions/checkout@v4	2025-10-28T09:04:18.5676811Z [command]/usr/bin/git config --local gc.auto 0
env-hardening	Run actions/checkout@v4	2025-10-28T09:04:18.5724614Z ##[endgroup]
env-hardening	Run actions/checkout@v4	2025-10-28T09:04:18.5725405Z ##[group]Setting up auth
env-hardening	Run actions/checkout@v4	2025-10-28T09:04:18.5726146Z [command]/usr/bin/git config --local --name-only --get-regexp core\.sshCommand
env-hardening	Run actions/checkout@v4	2025-10-28T09:04:18.5760122Z [command]/usr/bin/git submodule foreach --recursive sh -c "git config --local --name-only --get-regexp 'core\.sshCommand' && git config --local --unset-all 'core.sshCommand' || :"
env-hardening	Run actions/checkout@v4	2025-10-28T09:04:18.6141711Z [command]/usr/bin/git config --local --name-only --get-regexp http\.https\:\/\/github\.com\/\.extraheader
env-hardening	Run actions/checkout@v4	2025-10-28T09:04:18.6170486Z [command]/usr/bin/git submodule foreach --recursive sh -c "git config --local --name-only --get-regexp 'http\.https\:\/\/github\.com\/\.extraheader' && git config --local --unset-all 'http.https://github.com/.extraheader' || :"
env-hardening	Run actions/checkout@v4	2025-10-28T09:04:18.6409405Z [command]/usr/bin/git config --local http.https://github.com/.extraheader AUTHORIZATION: basic ***
env-hardening	Run actions/checkout@v4	2025-10-28T09:04:18.6446289Z ##[endgroup]
env-hardening	Run actions/checkout@v4	2025-10-28T09:04:18.6449160Z ##[group]Fetching the repository
env-hardening	Run actions/checkout@v4	2025-10-28T09:04:18.6455335Z [command]/usr/bin/git -c protocol.version=2 fetch --no-tags --prune --no-recurse-submodules --depth=1 origin +9e415874dbf70707c3bf75ac5d05aca31002e4f5:refs/remotes/origin/main
env-hardening	Run actions/checkout@v4	2025-10-28T09:04:18.8772580Z From https://github.com/katoutomohiro/juushin-care-system-v0-careapp8
env-hardening	Run actions/checkout@v4	2025-10-28T09:04:18.8774606Z  * [new ref]         9e415874dbf70707c3bf75ac5d05aca31002e4f5 -> origin/main
env-hardening	Run actions/checkout@v4	2025-10-28T09:04:18.8808944Z ##[endgroup]
env-hardening	Run actions/checkout@v4	2025-10-28T09:04:18.8810381Z ##[group]Determining the checkout info
env-hardening	Run actions/checkout@v4	2025-10-28T09:04:18.8811851Z ##[endgroup]
env-hardening	Run actions/checkout@v4	2025-10-28T09:04:18.8813623Z [command]/usr/bin/git sparse-checkout disable
env-hardening	Run actions/checkout@v4	2025-10-28T09:04:18.8856506Z [command]/usr/bin/git config --local --unset-all extensions.worktreeConfig
env-hardening	Run actions/checkout@v4	2025-10-28T09:04:18.8883954Z ##[group]Checking out the ref
env-hardening	Run actions/checkout@v4	2025-10-28T09:04:18.8887656Z [command]/usr/bin/git checkout --progress --force -B main refs/remotes/origin/main
env-hardening	Run actions/checkout@v4	2025-10-28T09:04:18.9062693Z Switched to a new branch 'main'
env-hardening	Run actions/checkout@v4	2025-10-28T09:04:18.9065378Z branch 'main' set up to track 'origin/main'.
env-hardening	Run actions/checkout@v4	2025-10-28T09:04:18.9071884Z ##[endgroup]
env-hardening	Run actions/checkout@v4	2025-10-28T09:04:18.9104293Z [command]/usr/bin/git log -1 --format=%H
env-hardening	Run actions/checkout@v4	2025-10-28T09:04:18.9125315Z 9e415874dbf70707c3bf75ac5d05aca31002e4f5
env-hardening	Run actions/setup-python@v5	・ｿ2025-10-28T09:04:18.9366534Z ##[group]Run actions/setup-python@v5
env-hardening	Run actions/setup-python@v5	2025-10-28T09:04:18.9367158Z with:
env-hardening	Run actions/setup-python@v5	2025-10-28T09:04:18.9367551Z   python-version: 3.11
env-hardening	Run actions/setup-python@v5	2025-10-28T09:04:18.9367993Z   check-latest: false
env-hardening	Run actions/setup-python@v5	2025-10-28T09:04:18.9368595Z   token: ***
env-hardening	Run actions/setup-python@v5	2025-10-28T09:04:18.9368997Z   update-environment: true
env-hardening	Run actions/setup-python@v5	2025-10-28T09:04:18.9369485Z   allow-prereleases: false
env-hardening	Run actions/setup-python@v5	2025-10-28T09:04:18.9369940Z   freethreaded: false
env-hardening	Run actions/setup-python@v5	2025-10-28T09:04:18.9370374Z ##[endgroup]
env-hardening	Run actions/setup-python@v5	2025-10-28T09:04:19.1166673Z ##[group]Installed versions
env-hardening	Run actions/setup-python@v5	2025-10-28T09:04:19.1324980Z Successfully set up CPython (3.11.13)
env-hardening	Run actions/setup-python@v5	2025-10-28T09:04:19.1326478Z ##[endgroup]
env-hardening	Run env hardening dispatch	・ｿ2025-10-28T09:04:19.1506177Z ##[group]Run mkdir -p artifacts/agent_reports
env-hardening	Run env hardening dispatch	2025-10-28T09:04:19.1507138Z [36;1mmkdir -p artifacts/agent_reports[0m
env-hardening	Run env hardening dispatch	2025-10-28T09:04:19.1508619Z [36;1mpython -m scripts.agents.dispatcher --task env_hardening --payload "{}" | tee artifacts/agent_reports/env_hardening.json[0m
env-hardening	Run env hardening dispatch	2025-10-28T09:04:19.1561820Z shell: /usr/bin/bash -e {0}
env-hardening	Run env hardening dispatch	2025-10-28T09:04:19.1562495Z env:
env-hardening	Run env hardening dispatch	2025-10-28T09:04:19.1563154Z   pythonLocation: /opt/hostedtoolcache/Python/3.11.13/x64
env-hardening	Run env hardening dispatch	2025-10-28T09:04:19.1564250Z   PKG_CONFIG_PATH: /opt/hostedtoolcache/Python/3.11.13/x64/lib/pkgconfig
env-hardening	Run env hardening dispatch	2025-10-28T09:04:19.1565762Z   Python_ROOT_DIR: /opt/hostedtoolcache/Python/3.11.13/x64
env-hardening	Run env hardening dispatch	2025-10-28T09:04:19.1566753Z   Python2_ROOT_DIR: /opt/hostedtoolcache/Python/3.11.13/x64
env-hardening	Run env hardening dispatch	2025-10-28T09:04:19.1567716Z   Python3_ROOT_DIR: /opt/hostedtoolcache/Python/3.11.13/x64
env-hardening	Run env hardening dispatch	2025-10-28T09:04:19.1568664Z   LD_LIBRARY_PATH: /opt/hostedtoolcache/Python/3.11.13/x64/lib
env-hardening	Run env hardening dispatch	2025-10-28T09:04:19.1569493Z ##[endgroup]
env-hardening	Run env hardening dispatch	2025-10-28T09:04:19.2451209Z {"ok": false, "summary": "missing required env: OPENAI_API_KEY, SUPABASE_SERVICE_ROLE_KEY, SUPABASE_URL", "artifacts": [], "next_actions": []}
env-hardening	Guard ok field without jq	・ｿ2025-10-28T09:04:19.2543372Z ##[group]Run python - << 'PY'
env-hardening	Guard ok field without jq	2025-10-28T09:04:19.2544113Z [36;1mpython - << 'PY'[0m
env-hardening	Guard ok field without jq	2025-10-28T09:04:19.2545053Z [36;1mimport json,sys[0m
env-hardening	Guard ok field without jq	2025-10-28T09:04:19.2545673Z [36;1mfrom pathlib import Path[0m
env-hardening	Guard ok field without jq	2025-10-28T09:04:19.2546522Z [36;1mp=Path("artifacts/agent_reports/env_hardening.json")[0m
env-hardening	Guard ok field without jq	2025-10-28T09:04:19.2547442Z [36;1mdata=json.loads(p.read_text())[0m
env-hardening	Guard ok field without jq	2025-10-28T09:04:19.2548219Z [36;1mif not isinstance(data.get("ok"), bool):[0m
env-hardening	Guard ok field without jq	2025-10-28T09:04:19.2549075Z [36;1m    print("ok must be boolean"); sys.exit(1)[0m
env-hardening	Guard ok field without jq	2025-10-28T09:04:19.2549848Z [36;1mif not data["ok"]:[0m
env-hardening	Guard ok field without jq	2025-10-28T09:04:19.2550556Z [36;1m    print("agent reported not ok"); sys.exit(1)[0m
env-hardening	Guard ok field without jq	2025-10-28T09:04:19.2551343Z [36;1mprint("ok true")[0m
env-hardening	Guard ok field without jq	2025-10-28T09:04:19.2551930Z [36;1mPY[0m
env-hardening	Guard ok field without jq	2025-10-28T09:04:19.2585858Z shell: /usr/bin/bash -e {0}
env-hardening	Guard ok field without jq	2025-10-28T09:04:19.2586473Z env:
env-hardening	Guard ok field without jq	2025-10-28T09:04:19.2587102Z   pythonLocation: /opt/hostedtoolcache/Python/3.11.13/x64
env-hardening	Guard ok field without jq	2025-10-28T09:04:19.2588219Z   PKG_CONFIG_PATH: /opt/hostedtoolcache/Python/3.11.13/x64/lib/pkgconfig
env-hardening	Guard ok field without jq	2025-10-28T09:04:19.2589412Z   Python_ROOT_DIR: /opt/hostedtoolcache/Python/3.11.13/x64
env-hardening	Guard ok field without jq	2025-10-28T09:04:19.2590396Z   Python2_ROOT_DIR: /opt/hostedtoolcache/Python/3.11.13/x64
env-hardening	Guard ok field without jq	2025-10-28T09:04:19.2591368Z   Python3_ROOT_DIR: /opt/hostedtoolcache/Python/3.11.13/x64
env-hardening	Guard ok field without jq	2025-10-28T09:04:19.2592342Z   LD_LIBRARY_PATH: /opt/hostedtoolcache/Python/3.11.13/x64/lib
env-hardening	Guard ok field without jq	2025-10-28T09:04:19.2593156Z ##[endgroup]
env-hardening	Guard ok field without jq	2025-10-28T09:04:19.2868872Z agent reported not ok
env-hardening	Guard ok field without jq	2025-10-28T09:04:19.2914155Z ##[error]Process completed with exit code 1.
env-hardening	Post Run actions/checkout@v4	・ｿ2025-10-28T09:04:19.3117121Z Post job cleanup.
env-hardening	Post Run actions/checkout@v4	2025-10-28T09:04:19.4052565Z [command]/usr/bin/git version
env-hardening	Post Run actions/checkout@v4	2025-10-28T09:04:19.4088875Z git version 2.51.0
env-hardening	Post Run actions/checkout@v4	2025-10-28T09:04:19.4131778Z Temporarily overriding HOME='/home/runner/work/_temp/5f50a512-950a-46ca-aa54-95483db79fe4' before making global git config changes
env-hardening	Post Run actions/checkout@v4	2025-10-28T09:04:19.4133611Z Adding repository directory to the temporary git global config as a safe directory
env-hardening	Post Run actions/checkout@v4	2025-10-28T09:04:19.4144021Z [command]/usr/bin/git config --global --add safe.directory /home/runner/work/juushin-care-system-v0-careapp8/juushin-care-system-v0-careapp8
env-hardening	Post Run actions/checkout@v4	2025-10-28T09:04:19.4177653Z [command]/usr/bin/git config --local --name-only --get-regexp core\.sshCommand
env-hardening	Post Run actions/checkout@v4	2025-10-28T09:04:19.4211146Z [command]/usr/bin/git submodule foreach --recursive sh -c "git config --local --name-only --get-regexp 'core\.sshCommand' && git config --local --unset-all 'core.sshCommand' || :"
env-hardening	Post Run actions/checkout@v4	2025-10-28T09:04:19.4441786Z [command]/usr/bin/git config --local --name-only --get-regexp http\.https\:\/\/github\.com\/\.extraheader
env-hardening	Post Run actions/checkout@v4	2025-10-28T09:04:19.4465160Z http.https://github.com/.extraheader
env-hardening	Post Run actions/checkout@v4	2025-10-28T09:04:19.4478576Z [command]/usr/bin/git config --local --unset-all http.https://github.com/.extraheader
env-hardening	Post Run actions/checkout@v4	2025-10-28T09:04:19.4511510Z [command]/usr/bin/git submodule foreach --recursive sh -c "git config --local --name-only --get-regexp 'http\.https\:\/\/github\.com\/\.extraheader' && git config --local --unset-all 'http.https://github.com/.extraheader' || :"
env-hardening	Complete job	・ｿ2025-10-28T09:04:19.4842823Z Cleaning up orphan processes
