env-hardening	Set up job	・ｿ2025-10-28T09:04:01.8334270Z Current runner version: '2.328.0'
env-hardening	Set up job	2025-10-28T09:04:01.8367596Z ##[group]Runner Image Provisioner
env-hardening	Set up job	2025-10-28T09:04:01.8368777Z Hosted Compute Agent
env-hardening	Set up job	2025-10-28T09:04:01.8369969Z Version: 20250912.392
env-hardening	Set up job	2025-10-28T09:04:01.8370982Z Commit: d921fda672a98b64f4f82364647e2f10b2267d0b
env-hardening	Set up job	2025-10-28T09:04:01.8372154Z Build Date: 2025-09-12T15:23:14Z
env-hardening	Set up job	2025-10-28T09:04:01.8373072Z ##[endgroup]
env-hardening	Set up job	2025-10-28T09:04:01.8374115Z ##[group]Operating System
env-hardening	Set up job	2025-10-28T09:04:01.8375112Z Ubuntu
env-hardening	Set up job	2025-10-28T09:04:01.8376032Z 24.04.3
env-hardening	Set up job	2025-10-28T09:04:01.8376930Z LTS
env-hardening	Set up job	2025-10-28T09:04:01.8377734Z ##[endgroup]
env-hardening	Set up job	2025-10-28T09:04:01.8378474Z ##[group]Runner Image
env-hardening	Set up job	2025-10-28T09:04:01.8379796Z Image: ubuntu-24.04
env-hardening	Set up job	2025-10-28T09:04:01.8380701Z Version: 20250929.60.1
env-hardening	Set up job	2025-10-28T09:04:01.8382429Z Included Software: https://github.com/actions/runner-images/blob/ubuntu24/20250929.60/images/ubuntu/Ubuntu2404-Readme.md
env-hardening	Set up job	2025-10-28T09:04:01.8385093Z Image Release: https://github.com/actions/runner-images/releases/tag/ubuntu24%2F20250929.60
env-hardening	Set up job	2025-10-28T09:04:01.8387048Z ##[endgroup]
env-hardening	Set up job	2025-10-28T09:04:01.8388971Z ##[group]GITHUB_TOKEN Permissions
env-hardening	Set up job	2025-10-28T09:04:01.8391939Z Contents: write
env-hardening	Set up job	2025-10-28T09:04:01.8392884Z Metadata: read
env-hardening	Set up job	2025-10-28T09:04:01.8393791Z PullRequests: write
env-hardening	Set up job	2025-10-28T09:04:01.8394612Z ##[endgroup]
env-hardening	Set up job	2025-10-28T09:04:01.8398617Z Secret source: Actions
env-hardening	Set up job	2025-10-28T09:04:01.8400217Z Prepare workflow directory
env-hardening	Set up job	2025-10-28T09:04:01.8872577Z Prepare all required actions
env-hardening	Set up job	2025-10-28T09:04:01.8930242Z Getting action download info
env-hardening	Set up job	2025-10-28T09:04:02.1858965Z Download action repository 'actions/checkout@v4' (SHA:08eba0b27e820071cde6df949e0beb9ba4906955)
env-hardening	Set up job	2025-10-28T09:04:02.3461178Z Download action repository 'actions/setup-python@v5' (SHA:a26af69be951a213d495a4c3e4e4022e16d87065)
env-hardening	Set up job	2025-10-28T09:04:02.4286566Z Download action repository 'actions/upload-artifact@v4' (SHA:ea165f8d65b6e75b540449e92b4886f43607fa02)
env-hardening	Set up job	2025-10-28T09:04:02.6268861Z Complete job name: env-hardening
env-hardening	Run actions/checkout@v4	・ｿ2025-10-28T09:04:02.6957704Z ##[group]Run actions/checkout@v4
env-hardening	Run actions/checkout@v4	2025-10-28T09:04:02.6958619Z with:
env-hardening	Run actions/checkout@v4	2025-10-28T09:04:02.6959191Z   repository: katoutomohiro/juushin-care-system-v0-careapp8
env-hardening	Run actions/checkout@v4	2025-10-28T09:04:02.6960260Z   token: ***
env-hardening	Run actions/checkout@v4	2025-10-28T09:04:02.6960683Z   ssh-strict: true
env-hardening	Run actions/checkout@v4	2025-10-28T09:04:02.6961096Z   ssh-user: git
env-hardening	Run actions/checkout@v4	2025-10-28T09:04:02.6961526Z   persist-credentials: true
env-hardening	Run actions/checkout@v4	2025-10-28T09:04:02.6961998Z   clean: true
env-hardening	Run actions/checkout@v4	2025-10-28T09:04:02.6962429Z   sparse-checkout-cone-mode: true
env-hardening	Run actions/checkout@v4	2025-10-28T09:04:02.6962937Z   fetch-depth: 1
env-hardening	Run actions/checkout@v4	2025-10-28T09:04:02.6963344Z   fetch-tags: false
env-hardening	Run actions/checkout@v4	2025-10-28T09:04:02.6963771Z   show-progress: true
env-hardening	Run actions/checkout@v4	2025-10-28T09:04:02.6964197Z   lfs: false
env-hardening	Run actions/checkout@v4	2025-10-28T09:04:02.6964587Z   submodules: false
env-hardening	Run actions/checkout@v4	2025-10-28T09:04:02.6965034Z   set-safe-directory: true
env-hardening	Run actions/checkout@v4	2025-10-28T09:04:02.6965775Z ##[endgroup]
env-hardening	Run actions/checkout@v4	2025-10-28T09:04:02.8060773Z Syncing repository: katoutomohiro/juushin-care-system-v0-careapp8
env-hardening	Run actions/checkout@v4	2025-10-28T09:04:02.8063928Z ##[group]Getting Git version info
env-hardening	Run actions/checkout@v4	2025-10-28T09:04:02.8065862Z Working directory is '/home/runner/work/juushin-care-system-v0-careapp8/juushin-care-system-v0-careapp8'
env-hardening	Run actions/checkout@v4	2025-10-28T09:04:02.8068504Z [command]/usr/bin/git version
env-hardening	Run actions/checkout@v4	2025-10-28T09:04:02.8132547Z git version 2.51.0
env-hardening	Run actions/checkout@v4	2025-10-28T09:04:02.8158942Z ##[endgroup]
env-hardening	Run actions/checkout@v4	2025-10-28T09:04:02.8174990Z Temporarily overriding HOME='/home/runner/work/_temp/5352df27-983b-4b1e-aab1-6bd46835ffe1' before making global git config changes
env-hardening	Run actions/checkout@v4	2025-10-28T09:04:02.8177740Z Adding repository directory to the temporary git global config as a safe directory
env-hardening	Run actions/checkout@v4	2025-10-28T09:04:02.8189495Z [command]/usr/bin/git config --global --add safe.directory /home/runner/work/juushin-care-system-v0-careapp8/juushin-care-system-v0-careapp8
env-hardening	Run actions/checkout@v4	2025-10-28T09:04:02.8225882Z Deleting the contents of '/home/runner/work/juushin-care-system-v0-careapp8/juushin-care-system-v0-careapp8'
env-hardening	Run actions/checkout@v4	2025-10-28T09:04:02.8228785Z ##[group]Initializing the repository
env-hardening	Run actions/checkout@v4	2025-10-28T09:04:02.8234291Z [command]/usr/bin/git init /home/runner/work/juushin-care-system-v0-careapp8/juushin-care-system-v0-careapp8
env-hardening	Run actions/checkout@v4	2025-10-28T09:04:02.8344872Z hint: Using 'master' as the name for the initial branch. This default branch name
env-hardening	Run actions/checkout@v4	2025-10-28T09:04:02.8346676Z hint: is subject to change. To configure the initial branch name to use in all
env-hardening	Run actions/checkout@v4	2025-10-28T09:04:02.8347991Z hint: of your new repositories, which will suppress this warning, call:
env-hardening	Run actions/checkout@v4	2025-10-28T09:04:02.8349058Z hint:
env-hardening	Run actions/checkout@v4	2025-10-28T09:04:02.8349895Z hint: 	git config --global init.defaultBranch <name>
env-hardening	Run actions/checkout@v4	2025-10-28T09:04:02.8351121Z hint:
env-hardening	Run actions/checkout@v4	2025-10-28T09:04:02.8352259Z hint: Names commonly chosen instead of 'master' are 'main', 'trunk' and
env-hardening	Run actions/checkout@v4	2025-10-28T09:04:02.8354094Z hint: 'development'. The just-created branch can be renamed via this command:
env-hardening	Run actions/checkout@v4	2025-10-28T09:04:02.8355609Z hint:
env-hardening	Run actions/checkout@v4	2025-10-28T09:04:02.8356356Z hint: 	git branch -m <name>
env-hardening	Run actions/checkout@v4	2025-10-28T09:04:02.8357212Z hint:
env-hardening	Run actions/checkout@v4	2025-10-28T09:04:02.8358308Z hint: Disable this message with "git config set advice.defaultBranchName false"
env-hardening	Run actions/checkout@v4	2025-10-28T09:04:02.8361170Z Initialized empty Git repository in /home/runner/work/juushin-care-system-v0-careapp8/juushin-care-system-v0-careapp8/.git/
env-hardening	Run actions/checkout@v4	2025-10-28T09:04:02.8365258Z [command]/usr/bin/git remote add origin https://github.com/katoutomohiro/juushin-care-system-v0-careapp8
env-hardening	Run actions/checkout@v4	2025-10-28T09:04:02.8401802Z ##[endgroup]
env-hardening	Run actions/checkout@v4	2025-10-28T09:04:02.8402585Z ##[group]Disabling automatic garbage collection
env-hardening	Run actions/checkout@v4	2025-10-28T09:04:02.8407264Z [command]/usr/bin/git config --local gc.auto 0
env-hardening	Run actions/checkout@v4	2025-10-28T09:04:02.8438859Z ##[endgroup]
env-hardening	Run actions/checkout@v4	2025-10-28T09:04:02.8440020Z ##[group]Setting up auth
env-hardening	Run actions/checkout@v4	2025-10-28T09:04:02.8448428Z [command]/usr/bin/git config --local --name-only --get-regexp core\.sshCommand
env-hardening	Run actions/checkout@v4	2025-10-28T09:04:02.8482888Z [command]/usr/bin/git submodule foreach --recursive sh -c "git config --local --name-only --get-regexp 'core\.sshCommand' && git config --local --unset-all 'core.sshCommand' || :"
env-hardening	Run actions/checkout@v4	2025-10-28T09:04:02.8823017Z [command]/usr/bin/git config --local --name-only --get-regexp http\.https\:\/\/github\.com\/\.extraheader
env-hardening	Run actions/checkout@v4	2025-10-28T09:04:02.8856929Z [command]/usr/bin/git submodule foreach --recursive sh -c "git config --local --name-only --get-regexp 'http\.https\:\/\/github\.com\/\.extraheader' && git config --local --unset-all 'http.https://github.com/.extraheader' || :"
env-hardening	Run actions/checkout@v4	2025-10-28T09:04:02.9099854Z [command]/usr/bin/git config --local http.https://github.com/.extraheader AUTHORIZATION: basic ***
env-hardening	Run actions/checkout@v4	2025-10-28T09:04:02.9133645Z ##[endgroup]
env-hardening	Run actions/checkout@v4	2025-10-28T09:04:02.9135093Z ##[group]Fetching the repository
env-hardening	Run actions/checkout@v4	2025-10-28T09:04:02.9151465Z [command]/usr/bin/git -c protocol.version=2 fetch --no-tags --prune --no-recurse-submodules --depth=1 origin +9e415874dbf70707c3bf75ac5d05aca31002e4f5:refs/remotes/origin/main
env-hardening	Run actions/checkout@v4	2025-10-28T09:04:03.2427936Z From https://github.com/katoutomohiro/juushin-care-system-v0-careapp8
env-hardening	Run actions/checkout@v4	2025-10-28T09:04:03.2429050Z  * [new ref]         9e415874dbf70707c3bf75ac5d05aca31002e4f5 -> origin/main
env-hardening	Run actions/checkout@v4	2025-10-28T09:04:03.2459927Z ##[endgroup]
env-hardening	Run actions/checkout@v4	2025-10-28T09:04:03.2461377Z ##[group]Determining the checkout info
env-hardening	Run actions/checkout@v4	2025-10-28T09:04:03.2463056Z ##[endgroup]
env-hardening	Run actions/checkout@v4	2025-10-28T09:04:03.2468244Z [command]/usr/bin/git sparse-checkout disable
env-hardening	Run actions/checkout@v4	2025-10-28T09:04:03.2507946Z [command]/usr/bin/git config --local --unset-all extensions.worktreeConfig
env-hardening	Run actions/checkout@v4	2025-10-28T09:04:03.2535557Z ##[group]Checking out the ref
env-hardening	Run actions/checkout@v4	2025-10-28T09:04:03.2539933Z [command]/usr/bin/git checkout --progress --force -B main refs/remotes/origin/main
env-hardening	Run actions/checkout@v4	2025-10-28T09:04:03.2708080Z Switched to a new branch 'main'
env-hardening	Run actions/checkout@v4	2025-10-28T09:04:03.2711124Z branch 'main' set up to track 'origin/main'.
env-hardening	Run actions/checkout@v4	2025-10-28T09:04:03.2717621Z ##[endgroup]
env-hardening	Run actions/checkout@v4	2025-10-28T09:04:03.2751916Z [command]/usr/bin/git log -1 --format=%H
env-hardening	Run actions/checkout@v4	2025-10-28T09:04:03.2772686Z 9e415874dbf70707c3bf75ac5d05aca31002e4f5
env-hardening	Run actions/setup-python@v5	・ｿ2025-10-28T09:04:03.3019311Z ##[group]Run actions/setup-python@v5
env-hardening	Run actions/setup-python@v5	2025-10-28T09:04:03.3020129Z with:
env-hardening	Run actions/setup-python@v5	2025-10-28T09:04:03.3020526Z   python-version: 3.11
env-hardening	Run actions/setup-python@v5	2025-10-28T09:04:03.3020972Z   check-latest: false
env-hardening	Run actions/setup-python@v5	2025-10-28T09:04:03.3021562Z   token: ***
env-hardening	Run actions/setup-python@v5	2025-10-28T09:04:03.3021980Z   update-environment: true
env-hardening	Run actions/setup-python@v5	2025-10-28T09:04:03.3022482Z   allow-prereleases: false
env-hardening	Run actions/setup-python@v5	2025-10-28T09:04:03.3022956Z   freethreaded: false
env-hardening	Run actions/setup-python@v5	2025-10-28T09:04:03.3023384Z ##[endgroup]
env-hardening	Run actions/setup-python@v5	2025-10-28T09:04:03.4657537Z ##[group]Installed versions
env-hardening	Run actions/setup-python@v5	2025-10-28T09:04:03.4758058Z Successfully set up CPython (3.11.13)
env-hardening	Run actions/setup-python@v5	2025-10-28T09:04:03.4759467Z ##[endgroup]
env-hardening	Run env hardening dispatch	・ｿ2025-10-28T09:04:03.4877721Z ##[group]Run mkdir -p artifacts/agent_reports
env-hardening	Run env hardening dispatch	2025-10-28T09:04:03.4878443Z [36;1mmkdir -p artifacts/agent_reports[0m
env-hardening	Run env hardening dispatch	2025-10-28T09:04:03.4879483Z [36;1mpython -m scripts.agents.dispatcher --task env_hardening --payload "{}" | tee artifacts/agent_reports/env_hardening.json[0m
env-hardening	Run env hardening dispatch	2025-10-28T09:04:03.4930630Z shell: /usr/bin/bash -e {0}
env-hardening	Run env hardening dispatch	2025-10-28T09:04:03.4931169Z env:
env-hardening	Run env hardening dispatch	2025-10-28T09:04:03.4931631Z   pythonLocation: /opt/hostedtoolcache/Python/3.11.13/x64
env-hardening	Run env hardening dispatch	2025-10-28T09:04:03.4932398Z   PKG_CONFIG_PATH: /opt/hostedtoolcache/Python/3.11.13/x64/lib/pkgconfig
env-hardening	Run env hardening dispatch	2025-10-28T09:04:03.4933154Z   Python_ROOT_DIR: /opt/hostedtoolcache/Python/3.11.13/x64
env-hardening	Run env hardening dispatch	2025-10-28T09:04:03.4933828Z   Python2_ROOT_DIR: /opt/hostedtoolcache/Python/3.11.13/x64
env-hardening	Run env hardening dispatch	2025-10-28T09:04:03.4934505Z   Python3_ROOT_DIR: /opt/hostedtoolcache/Python/3.11.13/x64
env-hardening	Run env hardening dispatch	2025-10-28T09:04:03.4935189Z   LD_LIBRARY_PATH: /opt/hostedtoolcache/Python/3.11.13/x64/lib
env-hardening	Run env hardening dispatch	2025-10-28T09:04:03.4935781Z ##[endgroup]
env-hardening	Run env hardening dispatch	2025-10-28T09:04:03.5699714Z {"ok": false, "summary": "missing required env: OPENAI_API_KEY, SUPABASE_SERVICE_ROLE_KEY, SUPABASE_URL", "artifacts": [], "next_actions": []}
env-hardening	Guard ok field without jq	・ｿ2025-10-28T09:04:03.5784477Z ##[group]Run python - << 'PY'
env-hardening	Guard ok field without jq	2025-10-28T09:04:03.5785024Z [36;1mpython - << 'PY'[0m
env-hardening	Guard ok field without jq	2025-10-28T09:04:03.5785441Z [36;1mimport json,sys[0m
env-hardening	Guard ok field without jq	2025-10-28T09:04:03.5785869Z [36;1mfrom pathlib import Path[0m
env-hardening	Guard ok field without jq	2025-10-28T09:04:03.5786450Z [36;1mp=Path("artifacts/agent_reports/env_hardening.json")[0m
env-hardening	Guard ok field without jq	2025-10-28T09:04:03.5787061Z [36;1mdata=json.loads(p.read_text())[0m
env-hardening	Guard ok field without jq	2025-10-28T09:04:03.5787657Z [36;1mif not isinstance(data.get("ok"), bool):[0m
env-hardening	Guard ok field without jq	2025-10-28T09:04:03.5788286Z [36;1m    print("ok must be boolean"); sys.exit(1)[0m
env-hardening	Guard ok field without jq	2025-10-28T09:04:03.5788879Z [36;1mif not data["ok"]:[0m
env-hardening	Guard ok field without jq	2025-10-28T09:04:03.5789436Z [36;1m    print("agent reported not ok"); sys.exit(1)[0m
env-hardening	Guard ok field without jq	2025-10-28T09:04:03.5790226Z [36;1mprint("ok true")[0m
env-hardening	Guard ok field without jq	2025-10-28T09:04:03.5790650Z [36;1mPY[0m
env-hardening	Guard ok field without jq	2025-10-28T09:04:03.5823571Z shell: /usr/bin/bash -e {0}
env-hardening	Guard ok field without jq	2025-10-28T09:04:03.5824016Z env:
env-hardening	Guard ok field without jq	2025-10-28T09:04:03.5824479Z   pythonLocation: /opt/hostedtoolcache/Python/3.11.13/x64
env-hardening	Guard ok field without jq	2025-10-28T09:04:03.5825258Z   PKG_CONFIG_PATH: /opt/hostedtoolcache/Python/3.11.13/x64/lib/pkgconfig
env-hardening	Guard ok field without jq	2025-10-28T09:04:03.5826045Z   Python_ROOT_DIR: /opt/hostedtoolcache/Python/3.11.13/x64
env-hardening	Guard ok field without jq	2025-10-28T09:04:03.5826723Z   Python2_ROOT_DIR: /opt/hostedtoolcache/Python/3.11.13/x64
env-hardening	Guard ok field without jq	2025-10-28T09:04:03.5827436Z   Python3_ROOT_DIR: /opt/hostedtoolcache/Python/3.11.13/x64
env-hardening	Guard ok field without jq	2025-10-28T09:04:03.5828126Z   LD_LIBRARY_PATH: /opt/hostedtoolcache/Python/3.11.13/x64/lib
env-hardening	Guard ok field without jq	2025-10-28T09:04:03.5828688Z ##[endgroup]
env-hardening	Guard ok field without jq	2025-10-28T09:04:03.6095656Z agent reported not ok
env-hardening	Guard ok field without jq	2025-10-28T09:04:03.6142060Z ##[error]Process completed with exit code 1.
env-hardening	Post Run actions/checkout@v4	・ｿ2025-10-28T09:04:03.6325193Z Post job cleanup.
env-hardening	Post Run actions/checkout@v4	2025-10-28T09:04:03.7243171Z [command]/usr/bin/git version
env-hardening	Post Run actions/checkout@v4	2025-10-28T09:04:03.7277731Z git version 2.51.0
env-hardening	Post Run actions/checkout@v4	2025-10-28T09:04:03.7318499Z Temporarily overriding HOME='/home/runner/work/_temp/8e249e73-8bd8-4a92-b7b8-e42383ea3a76' before making global git config changes
env-hardening	Post Run actions/checkout@v4	2025-10-28T09:04:03.7320299Z Adding repository directory to the temporary git global config as a safe directory
env-hardening	Post Run actions/checkout@v4	2025-10-28T09:04:03.7330707Z [command]/usr/bin/git config --global --add safe.directory /home/runner/work/juushin-care-system-v0-careapp8/juushin-care-system-v0-careapp8
env-hardening	Post Run actions/checkout@v4	2025-10-28T09:04:03.7363266Z [command]/usr/bin/git config --local --name-only --get-regexp core\.sshCommand
env-hardening	Post Run actions/checkout@v4	2025-10-28T09:04:03.7394896Z [command]/usr/bin/git submodule foreach --recursive sh -c "git config --local --name-only --get-regexp 'core\.sshCommand' && git config --local --unset-all 'core.sshCommand' || :"
env-hardening	Post Run actions/checkout@v4	2025-10-28T09:04:03.7621207Z [command]/usr/bin/git config --local --name-only --get-regexp http\.https\:\/\/github\.com\/\.extraheader
env-hardening	Post Run actions/checkout@v4	2025-10-28T09:04:03.7641071Z http.https://github.com/.extraheader
env-hardening	Post Run actions/checkout@v4	2025-10-28T09:04:03.7653349Z [command]/usr/bin/git config --local --unset-all http.https://github.com/.extraheader
env-hardening	Post Run actions/checkout@v4	2025-10-28T09:04:03.7683380Z [command]/usr/bin/git submodule foreach --recursive sh -c "git config --local --name-only --get-regexp 'http\.https\:\/\/github\.com\/\.extraheader' && git config --local --unset-all 'http.https://github.com/.extraheader' || :"
env-hardening	Complete job	・ｿ2025-10-28T09:04:03.8037825Z Cleaning up orphan processes
