env-hardening	Set up job	・ｿ2025-10-28T08:19:39.4585832Z Current runner version: '2.328.0'
env-hardening	Set up job	2025-10-28T08:19:39.4610067Z ##[group]Runner Image Provisioner
env-hardening	Set up job	2025-10-28T08:19:39.4610783Z Hosted Compute Agent
env-hardening	Set up job	2025-10-28T08:19:39.4611372Z Version: 20250912.392
env-hardening	Set up job	2025-10-28T08:19:39.4611929Z Commit: d921fda672a98b64f4f82364647e2f10b2267d0b
env-hardening	Set up job	2025-10-28T08:19:39.4612533Z Build Date: 2025-09-12T15:23:14Z
env-hardening	Set up job	2025-10-28T08:19:39.4613110Z ##[endgroup]
env-hardening	Set up job	2025-10-28T08:19:39.4613589Z ##[group]Operating System
env-hardening	Set up job	2025-10-28T08:19:39.4614101Z Ubuntu
env-hardening	Set up job	2025-10-28T08:19:39.4614496Z 24.04.3
env-hardening	Set up job	2025-10-28T08:19:39.4614999Z LTS
env-hardening	Set up job	2025-10-28T08:19:39.4615374Z ##[endgroup]
env-hardening	Set up job	2025-10-28T08:19:39.4615801Z ##[group]Runner Image
env-hardening	Set up job	2025-10-28T08:19:39.4616511Z Image: ubuntu-24.04
env-hardening	Set up job	2025-10-28T08:19:39.4616958Z Version: 20250929.60.1
env-hardening	Set up job	2025-10-28T08:19:39.4617876Z Included Software: https://github.com/actions/runner-images/blob/ubuntu24/20250929.60/images/ubuntu/Ubuntu2404-Readme.md
env-hardening	Set up job	2025-10-28T08:19:39.4619141Z Image Release: https://github.com/actions/runner-images/releases/tag/ubuntu24%2F20250929.60
env-hardening	Set up job	2025-10-28T08:19:39.4620152Z ##[endgroup]
env-hardening	Set up job	2025-10-28T08:19:39.4621232Z ##[group]GITHUB_TOKEN Permissions
env-hardening	Set up job	2025-10-28T08:19:39.4623089Z Contents: write
env-hardening	Set up job	2025-10-28T08:19:39.4623680Z Metadata: read
env-hardening	Set up job	2025-10-28T08:19:39.4624094Z PullRequests: write
env-hardening	Set up job	2025-10-28T08:19:39.4624545Z ##[endgroup]
env-hardening	Set up job	2025-10-28T08:19:39.4627185Z Secret source: Actions
env-hardening	Set up job	2025-10-28T08:19:39.4628030Z Prepare workflow directory
env-hardening	Set up job	2025-10-28T08:19:39.4935325Z Prepare all required actions
env-hardening	Set up job	2025-10-28T08:19:39.4975899Z Getting action download info
env-hardening	Set up job	2025-10-28T08:19:39.9266416Z Download action repository 'actions/checkout@v4' (SHA:08eba0b27e820071cde6df949e0beb9ba4906955)
env-hardening	Set up job	2025-10-28T08:19:40.1099331Z Download action repository 'actions/setup-python@v5' (SHA:a26af69be951a213d495a4c3e4e4022e16d87065)
env-hardening	Set up job	2025-10-28T08:19:40.1740499Z Download action repository 'actions/upload-artifact@v4' (SHA:ea165f8d65b6e75b540449e92b4886f43607fa02)
env-hardening	Set up job	2025-10-28T08:19:40.3361173Z Complete job name: env-hardening
env-hardening	Run actions/checkout@v4	・ｿ2025-10-28T08:19:40.4001548Z ##[group]Run actions/checkout@v4
env-hardening	Run actions/checkout@v4	2025-10-28T08:19:40.4002895Z with:
env-hardening	Run actions/checkout@v4	2025-10-28T08:19:40.4003676Z   repository: katoutomohiro/juushin-care-system-v0-careapp8
env-hardening	Run actions/checkout@v4	2025-10-28T08:19:40.4004717Z   token: ***
env-hardening	Run actions/checkout@v4	2025-10-28T08:19:40.4005451Z   ssh-strict: true
env-hardening	Run actions/checkout@v4	2025-10-28T08:19:40.4006092Z   ssh-user: git
env-hardening	Run actions/checkout@v4	2025-10-28T08:19:40.4006875Z   persist-credentials: true
env-hardening	Run actions/checkout@v4	2025-10-28T08:19:40.4007620Z   clean: true
env-hardening	Run actions/checkout@v4	2025-10-28T08:19:40.4008275Z   sparse-checkout-cone-mode: true
env-hardening	Run actions/checkout@v4	2025-10-28T08:19:40.4008996Z   fetch-depth: 1
env-hardening	Run actions/checkout@v4	2025-10-28T08:19:40.4009661Z   fetch-tags: false
env-hardening	Run actions/checkout@v4	2025-10-28T08:19:40.4010346Z   show-progress: true
env-hardening	Run actions/checkout@v4	2025-10-28T08:19:40.4010961Z   lfs: false
env-hardening	Run actions/checkout@v4	2025-10-28T08:19:40.4011620Z   submodules: false
env-hardening	Run actions/checkout@v4	2025-10-28T08:19:40.4012234Z   set-safe-directory: true
env-hardening	Run actions/checkout@v4	2025-10-28T08:19:40.4013210Z ##[endgroup]
env-hardening	Run actions/checkout@v4	2025-10-28T08:19:40.5102484Z Syncing repository: katoutomohiro/juushin-care-system-v0-careapp8
env-hardening	Run actions/checkout@v4	2025-10-28T08:19:40.5104954Z ##[group]Getting Git version info
env-hardening	Run actions/checkout@v4	2025-10-28T08:19:40.5106196Z Working directory is '/home/runner/work/juushin-care-system-v0-careapp8/juushin-care-system-v0-careapp8'
env-hardening	Run actions/checkout@v4	2025-10-28T08:19:40.5108450Z [command]/usr/bin/git version
env-hardening	Run actions/checkout@v4	2025-10-28T08:19:40.6750621Z git version 2.51.0
env-hardening	Run actions/checkout@v4	2025-10-28T08:19:40.6785695Z ##[endgroup]
env-hardening	Run actions/checkout@v4	2025-10-28T08:19:40.6804488Z Temporarily overriding HOME='/home/runner/work/_temp/8c0c273b-7447-44d2-8a5a-c77f60dcc254' before making global git config changes
env-hardening	Run actions/checkout@v4	2025-10-28T08:19:40.6807349Z Adding repository directory to the temporary git global config as a safe directory
env-hardening	Run actions/checkout@v4	2025-10-28T08:19:40.6810178Z [command]/usr/bin/git config --global --add safe.directory /home/runner/work/juushin-care-system-v0-careapp8/juushin-care-system-v0-careapp8
env-hardening	Run actions/checkout@v4	2025-10-28T08:19:40.7251187Z Deleting the contents of '/home/runner/work/juushin-care-system-v0-careapp8/juushin-care-system-v0-careapp8'
env-hardening	Run actions/checkout@v4	2025-10-28T08:19:40.7254208Z ##[group]Initializing the repository
env-hardening	Run actions/checkout@v4	2025-10-28T08:19:40.7258581Z [command]/usr/bin/git init /home/runner/work/juushin-care-system-v0-careapp8/juushin-care-system-v0-careapp8
env-hardening	Run actions/checkout@v4	2025-10-28T08:19:41.0768147Z hint: Using 'master' as the name for the initial branch. This default branch name
env-hardening	Run actions/checkout@v4	2025-10-28T08:19:41.0770651Z hint: is subject to change. To configure the initial branch name to use in all
env-hardening	Run actions/checkout@v4	2025-10-28T08:19:41.0772305Z hint: of your new repositories, which will suppress this warning, call:
env-hardening	Run actions/checkout@v4	2025-10-28T08:19:41.0773543Z hint:
env-hardening	Run actions/checkout@v4	2025-10-28T08:19:41.0774404Z hint: 	git config --global init.defaultBranch <name>
env-hardening	Run actions/checkout@v4	2025-10-28T08:19:41.0775917Z hint:
env-hardening	Run actions/checkout@v4	2025-10-28T08:19:41.0777089Z hint: Names commonly chosen instead of 'master' are 'main', 'trunk' and
env-hardening	Run actions/checkout@v4	2025-10-28T08:19:41.0778777Z hint: 'development'. The just-created branch can be renamed via this command:
env-hardening	Run actions/checkout@v4	2025-10-28T08:19:41.0780104Z hint:
env-hardening	Run actions/checkout@v4	2025-10-28T08:19:41.0780872Z hint: 	git branch -m <name>
env-hardening	Run actions/checkout@v4	2025-10-28T08:19:41.0781808Z hint:
env-hardening	Run actions/checkout@v4	2025-10-28T08:19:41.0782898Z hint: Disable this message with "git config set advice.defaultBranchName false"
env-hardening	Run actions/checkout@v4	2025-10-28T08:19:41.0785534Z Initialized empty Git repository in /home/runner/work/juushin-care-system-v0-careapp8/juushin-care-system-v0-careapp8/.git/
env-hardening	Run actions/checkout@v4	2025-10-28T08:19:41.0789985Z [command]/usr/bin/git remote add origin https://github.com/katoutomohiro/juushin-care-system-v0-careapp8
env-hardening	Run actions/checkout@v4	2025-10-28T08:19:41.0815873Z ##[endgroup]
env-hardening	Run actions/checkout@v4	2025-10-28T08:19:41.0817400Z ##[group]Disabling automatic garbage collection
env-hardening	Run actions/checkout@v4	2025-10-28T08:19:41.0819551Z [command]/usr/bin/git config --local gc.auto 0
env-hardening	Run actions/checkout@v4	2025-10-28T08:19:41.0846824Z ##[endgroup]
env-hardening	Run actions/checkout@v4	2025-10-28T08:19:41.0849066Z ##[group]Setting up auth
env-hardening	Run actions/checkout@v4	2025-10-28T08:19:41.0854304Z [command]/usr/bin/git config --local --name-only --get-regexp core\.sshCommand
env-hardening	Run actions/checkout@v4	2025-10-28T08:19:41.0882760Z [command]/usr/bin/git submodule foreach --recursive sh -c "git config --local --name-only --get-regexp 'core\.sshCommand' && git config --local --unset-all 'core.sshCommand' || :"
env-hardening	Run actions/checkout@v4	2025-10-28T08:19:41.1153212Z [command]/usr/bin/git config --local --name-only --get-regexp http\.https\:\/\/github\.com\/\.extraheader
env-hardening	Run actions/checkout@v4	2025-10-28T08:19:41.1181561Z [command]/usr/bin/git submodule foreach --recursive sh -c "git config --local --name-only --get-regexp 'http\.https\:\/\/github\.com\/\.extraheader' && git config --local --unset-all 'http.https://github.com/.extraheader' || :"
env-hardening	Run actions/checkout@v4	2025-10-28T08:19:41.1354239Z [command]/usr/bin/git config --local http.https://github.com/.extraheader AUTHORIZATION: basic ***
env-hardening	Run actions/checkout@v4	2025-10-28T08:19:41.1391975Z ##[endgroup]
env-hardening	Run actions/checkout@v4	2025-10-28T08:19:41.1394711Z ##[group]Fetching the repository
env-hardening	Run actions/checkout@v4	2025-10-28T08:19:41.1404309Z [command]/usr/bin/git -c protocol.version=2 fetch --no-tags --prune --no-recurse-submodules --depth=1 origin +a472f764cf8fc160dba14a157606f060e2a15987:refs/remotes/origin/main
env-hardening	Run actions/checkout@v4	2025-10-28T08:19:41.7466657Z From https://github.com/katoutomohiro/juushin-care-system-v0-careapp8
env-hardening	Run actions/checkout@v4	2025-10-28T08:19:41.7469527Z  * [new ref]         a472f764cf8fc160dba14a157606f060e2a15987 -> origin/main
env-hardening	Run actions/checkout@v4	2025-10-28T08:19:41.7493468Z ##[endgroup]
env-hardening	Run actions/checkout@v4	2025-10-28T08:19:41.7495930Z ##[group]Determining the checkout info
env-hardening	Run actions/checkout@v4	2025-10-28T08:19:41.7498782Z ##[endgroup]
env-hardening	Run actions/checkout@v4	2025-10-28T08:19:41.7500916Z [command]/usr/bin/git sparse-checkout disable
env-hardening	Run actions/checkout@v4	2025-10-28T08:19:41.7535708Z [command]/usr/bin/git config --local --unset-all extensions.worktreeConfig
env-hardening	Run actions/checkout@v4	2025-10-28T08:19:41.7559902Z ##[group]Checking out the ref
env-hardening	Run actions/checkout@v4	2025-10-28T08:19:41.7562519Z [command]/usr/bin/git checkout --progress --force -B main refs/remotes/origin/main
env-hardening	Run actions/checkout@v4	2025-10-28T08:19:41.7682848Z Switched to a new branch 'main'
env-hardening	Run actions/checkout@v4	2025-10-28T08:19:41.7685104Z branch 'main' set up to track 'origin/main'.
env-hardening	Run actions/checkout@v4	2025-10-28T08:19:41.7690099Z ##[endgroup]
env-hardening	Run actions/checkout@v4	2025-10-28T08:19:41.7720649Z [command]/usr/bin/git log -1 --format=%H
env-hardening	Run actions/checkout@v4	2025-10-28T08:19:41.7737933Z a472f764cf8fc160dba14a157606f060e2a15987
env-hardening	Run actions/setup-python@v5	・ｿ2025-10-28T08:19:41.8017756Z ##[group]Run actions/setup-python@v5
env-hardening	Run actions/setup-python@v5	2025-10-28T08:19:41.8018772Z with:
env-hardening	Run actions/setup-python@v5	2025-10-28T08:19:41.8019462Z   python-version: 3.11
env-hardening	Run actions/setup-python@v5	2025-10-28T08:19:41.8020262Z   check-latest: false
env-hardening	Run actions/setup-python@v5	2025-10-28T08:19:41.8021321Z   token: ***
env-hardening	Run actions/setup-python@v5	2025-10-28T08:19:41.8022048Z   update-environment: true
env-hardening	Run actions/setup-python@v5	2025-10-28T08:19:41.8022905Z   allow-prereleases: false
env-hardening	Run actions/setup-python@v5	2025-10-28T08:19:41.8023742Z   freethreaded: false
env-hardening	Run actions/setup-python@v5	2025-10-28T08:19:41.8024485Z ##[endgroup]
env-hardening	Run actions/setup-python@v5	2025-10-28T08:19:41.9571161Z ##[group]Installed versions
env-hardening	Run actions/setup-python@v5	2025-10-28T08:19:41.9663319Z Successfully set up CPython (3.11.13)
env-hardening	Run actions/setup-python@v5	2025-10-28T08:19:41.9665611Z ##[endgroup]
env-hardening	Run env hardening dispatch	・ｿ2025-10-28T08:19:41.9790813Z ##[group]Run mkdir -p artifacts/agent_reports
env-hardening	Run env hardening dispatch	2025-10-28T08:19:41.9792201Z [36;1mmkdir -p artifacts/agent_reports[0m
env-hardening	Run env hardening dispatch	2025-10-28T08:19:41.9794211Z [36;1mpython -m scripts.agents.dispatcher --task env_hardening --payload "{}" | tee artifacts/agent_reports/env_hardening.json[0m
env-hardening	Run env hardening dispatch	2025-10-28T08:19:41.9949707Z shell: /usr/bin/bash -e {0}
env-hardening	Run env hardening dispatch	2025-10-28T08:19:41.9950650Z env:
env-hardening	Run env hardening dispatch	2025-10-28T08:19:41.9951546Z   pythonLocation: /opt/hostedtoolcache/Python/3.11.13/x64
env-hardening	Run env hardening dispatch	2025-10-28T08:19:41.9953082Z   PKG_CONFIG_PATH: /opt/hostedtoolcache/Python/3.11.13/x64/lib/pkgconfig
env-hardening	Run env hardening dispatch	2025-10-28T08:19:41.9954612Z   Python_ROOT_DIR: /opt/hostedtoolcache/Python/3.11.13/x64
env-hardening	Run env hardening dispatch	2025-10-28T08:19:41.9955984Z   Python2_ROOT_DIR: /opt/hostedtoolcache/Python/3.11.13/x64
env-hardening	Run env hardening dispatch	2025-10-28T08:19:41.9957592Z   Python3_ROOT_DIR: /opt/hostedtoolcache/Python/3.11.13/x64
env-hardening	Run env hardening dispatch	2025-10-28T08:19:41.9958967Z   LD_LIBRARY_PATH: /opt/hostedtoolcache/Python/3.11.13/x64/lib
env-hardening	Run env hardening dispatch	2025-10-28T08:19:41.9960201Z ##[endgroup]
env-hardening	Run env hardening dispatch	2025-10-28T08:19:42.4671496Z {"ok": false, "summary": "missing required env: OPENAI_API_KEY, SUPABASE_SERVICE_ROLE_KEY, SUPABASE_URL", "artifacts": [], "next_actions": []}
env-hardening	Guard ok field without jq	・ｿ2025-10-28T08:19:42.4779172Z ##[group]Run python - << 'PY'
env-hardening	Guard ok field without jq	2025-10-28T08:19:42.4780120Z [36;1mpython - << 'PY'[0m
env-hardening	Guard ok field without jq	2025-10-28T08:19:42.4780903Z [36;1mimport json,sys[0m
env-hardening	Guard ok field without jq	2025-10-28T08:19:42.4781702Z [36;1mfrom pathlib import Path[0m
env-hardening	Guard ok field without jq	2025-10-28T08:19:42.4782794Z [36;1mp=Path("artifacts/agent_reports/env_hardening.json")[0m
env-hardening	Guard ok field without jq	2025-10-28T08:19:42.4783933Z [36;1mdata=json.loads(p.read_text())[0m
env-hardening	Guard ok field without jq	2025-10-28T08:19:42.4784949Z [36;1mif not isinstance(data.get("ok"), bool):[0m
env-hardening	Guard ok field without jq	2025-10-28T08:19:42.4786039Z [36;1m    print("ok must be boolean"); sys.exit(1)[0m
env-hardening	Guard ok field without jq	2025-10-28T08:19:42.4787219Z [36;1mif not data["ok"]:[0m
env-hardening	Guard ok field without jq	2025-10-28T08:19:42.4788158Z [36;1m    print("agent reported not ok"); sys.exit(1)[0m
env-hardening	Guard ok field without jq	2025-10-28T08:19:42.4789165Z [36;1mprint("ok true")[0m
env-hardening	Guard ok field without jq	2025-10-28T08:19:42.4789950Z [36;1mPY[0m
env-hardening	Guard ok field without jq	2025-10-28T08:19:42.4813049Z shell: /usr/bin/bash -e {0}
env-hardening	Guard ok field without jq	2025-10-28T08:19:42.4813834Z env:
env-hardening	Guard ok field without jq	2025-10-28T08:19:42.4814714Z   pythonLocation: /opt/hostedtoolcache/Python/3.11.13/x64
env-hardening	Guard ok field without jq	2025-10-28T08:19:42.4816105Z   PKG_CONFIG_PATH: /opt/hostedtoolcache/Python/3.11.13/x64/lib/pkgconfig
env-hardening	Guard ok field without jq	2025-10-28T08:19:42.4817673Z   Python_ROOT_DIR: /opt/hostedtoolcache/Python/3.11.13/x64
env-hardening	Guard ok field without jq	2025-10-28T08:19:42.4818907Z   Python2_ROOT_DIR: /opt/hostedtoolcache/Python/3.11.13/x64
env-hardening	Guard ok field without jq	2025-10-28T08:19:42.4820162Z   Python3_ROOT_DIR: /opt/hostedtoolcache/Python/3.11.13/x64
env-hardening	Guard ok field without jq	2025-10-28T08:19:42.4821424Z   LD_LIBRARY_PATH: /opt/hostedtoolcache/Python/3.11.13/x64/lib
env-hardening	Guard ok field without jq	2025-10-28T08:19:42.4822490Z ##[endgroup]
env-hardening	Guard ok field without jq	2025-10-28T08:19:42.5261984Z agent reported not ok
env-hardening	Guard ok field without jq	2025-10-28T08:19:42.5311202Z ##[error]Process completed with exit code 1.
env-hardening	Post Run actions/checkout@v4	・ｿ2025-10-28T08:19:42.5534415Z Post job cleanup.
env-hardening	Post Run actions/checkout@v4	2025-10-28T08:19:42.6416816Z [command]/usr/bin/git version
env-hardening	Post Run actions/checkout@v4	2025-10-28T08:19:42.6448391Z git version 2.51.0
env-hardening	Post Run actions/checkout@v4	2025-10-28T08:19:42.6493158Z Temporarily overriding HOME='/home/runner/work/_temp/545f300e-f917-449a-a7cd-f65f4f628557' before making global git config changes
env-hardening	Post Run actions/checkout@v4	2025-10-28T08:19:42.6495820Z Adding repository directory to the temporary git global config as a safe directory
env-hardening	Post Run actions/checkout@v4	2025-10-28T08:19:42.6498570Z [command]/usr/bin/git config --global --add safe.directory /home/runner/work/juushin-care-system-v0-careapp8/juushin-care-system-v0-careapp8
env-hardening	Post Run actions/checkout@v4	2025-10-28T08:19:42.6527127Z [command]/usr/bin/git config --local --name-only --get-regexp core\.sshCommand
env-hardening	Post Run actions/checkout@v4	2025-10-28T08:19:42.6554683Z [command]/usr/bin/git submodule foreach --recursive sh -c "git config --local --name-only --get-regexp 'core\.sshCommand' && git config --local --unset-all 'core.sshCommand' || :"
env-hardening	Post Run actions/checkout@v4	2025-10-28T08:19:42.6732600Z [command]/usr/bin/git config --local --name-only --get-regexp http\.https\:\/\/github\.com\/\.extraheader
env-hardening	Post Run actions/checkout@v4	2025-10-28T08:19:42.6750577Z http.https://github.com/.extraheader
env-hardening	Post Run actions/checkout@v4	2025-10-28T08:19:42.6763020Z [command]/usr/bin/git config --local --unset-all http.https://github.com/.extraheader
env-hardening	Post Run actions/checkout@v4	2025-10-28T08:19:42.6790908Z [command]/usr/bin/git submodule foreach --recursive sh -c "git config --local --name-only --get-regexp 'http\.https\:\/\/github\.com\/\.extraheader' && git config --local --unset-all 'http.https://github.com/.extraheader' || :"
env-hardening	Complete job	・ｿ2025-10-28T08:19:42.7100953Z Cleaning up orphan processes
